<6>[    0.000000] Booting Linux on physical CPU 0x500
<6>[    0.000000] Initializing cgroup subsys cpu
<6>[    0.000000] Initializing cgroup subsys cpuacct
<5>[    0.000000] Linux version 3.10.0 (root@ubuntu) (gcc version 4.6.x-google 20120106 (prerelease) (GCC) ) #205 SMP PREEMPT Mon Oct 16 13:58:24 CEST 2017
<4>[    0.000000] CPU: ARMv7 Processor [410fc0d1] revision 1 (ARMv7), cr=10c5387d
<4>[    0.000000] CPU: PIPT / VIPT nonaliasing data cache, VIPT aliasing instruction cache
<6>[    0.000000] Machine: Rockchip RK3288 (Flattened Device Tree), model: rockchip,rk3288
<4>[    0.000000] rockchip_ion_reserve
<6>[    0.000000] ion heap(drm): base(0) size(0) align(0)
<6>[    0.000000] ion heap(cma): base(0) size(28000000) align(0)
<6>[    0.000000] ion heap(vmalloc): base(0) size(0) align(0)
<6>[    0.000000] cma: CMA: reserved 640 MiB at 58000000
<6>[    0.000000] ion_reserve: cma reserved base 58000000 size 671088640
<6>[    0.000000] cma: CMA: reserved 16 MiB at 1e000000
<4>[    0.000000] Memory policy: ECC disabled, Data cache writealloc
<4>[    0.000000] Boot mode: REBOOT (6) flag: NORMAL (0xc3524200)
<7>[    0.000000] On node 0 totalpages: 524288
<7>[    0.000000] free_area_init_node: node 0, pgdat c0d307c0, node_mem_map c0e5a000
<7>[    0.000000]   Normal zone: 992 pages used for memmap
<7>[    0.000000]   Normal zone: 0 pages reserved
<7>[    0.000000]   Normal zone: 126976 pages, LIFO batch:31
<7>[    0.000000]   HighMem zone: 3104 pages used for memmap
<7>[    0.000000]   HighMem zone: 397312 pages, LIFO batch:31
<6>[    0.000000] PERCPU: Embedded 9 pages/cpu @c1eb5000 s13376 r8192 d15296 u36864
<7>[    0.000000] pcpu-alloc: s13376 r8192 d15296 u36864 alloc=9*4096
<7>[    0.000000] pcpu-alloc: [0] 0 [0] 1 [0] 2 [0] 3 
<4>[    0.000000] Built 1 zonelists in Zone order, mobility grouping on.  Total pages: 523296
<5>[    0.000000] Kernel command line: vmalloc=512M console=ttyS2 androidboot.selinux=permissive androidboot.hardware=rk30board androidboot.console=ttyS2 root=/dev/block/mtd/by-name/linuxroot rw rootfstype=ext4 init=/sbin/init  mtdparts=rk29xxnand:0x00002000@0x00002000(uboot),0x00002000@0x00004000(misc),0x00008000@0x00006000(resource),0x00008000@0x0000e000(kernel),0x00010000@0x00016000(boot),0x00010000@0x00026000(recovery),0x0001a000@0x00036000(backup),0x00040000@0x00050000(cache),0x00002000@0x00090000(kpanic),0x00300000@0x00092000(system),0x00008000@0x00392000(metadata),0x00002000@0x0039A000(baseparamer),-@0x003BC000(userdata) storagemedia=emmc loader.timestamp=2016-08-04_15:28:04
<6>[    0.000000] PID hash table entries: 2048 (order: 1, 8192 bytes)
<6>[    0.000000] Dentry cache hash table entries: 65536 (order: 6, 262144 bytes)
<6>[    0.000000] Inode-cache hash table entries: 32768 (order: 5, 131072 bytes)
<6>[    0.000000] allocated 4194304 bytes of page_cgroup
<6>[    0.000000] please try 'cgroup_disable=memory' option if you don't want memory cgroups
<6>[    0.000000] Memory: 2048MB = 2048MB total
<5>[    0.000000] Memory: 1387864k/1387864k available, 709288k reserved, 933888K highmem
<5>[    0.000000] Virtual kernel memory layout:
<5>[    0.000000]     vector  : 0xffff0000 - 0xffff1000   (   4 kB)
<5>[    0.000000]     fixmap  : 0xfff00000 - 0xfffe0000   ( 896 kB)
<5>[    0.000000]     vmalloc : 0xdf800000 - 0xff000000   ( 504 MB)
<5>[    0.000000]     lowmem  : 0xc0000000 - 0xdf000000   ( 496 MB)
<5>[    0.000000]     pkmap   : 0xbfe00000 - 0xc0000000   (   2 MB)
<5>[    0.000000]     modules : 0xbf000000 - 0xbfe00000   (  14 MB)
<5>[    0.000000]       .text : 0xc0008000 - 0xc0bc1f94   (12008 kB)
<5>[    0.000000]       .init : 0xc0bc2000 - 0xc0c1b440   ( 358 kB)
<5>[    0.000000]       .data : 0xc0c1c000 - 0xc0d37e00   (1136 kB)
<5>[    0.000000]        .bss : 0xc0d37e00 - 0xc0e598fc   (1159 kB)
<6>[    0.000000] SLUB: HWalign=64, Order=0-3, MinObjects=0, CPUs=4, Nodes=1
<6>[    0.000000] Preemptible hierarchical RCU implementation.
<6>[    0.000000] 	RCU dyntick-idle grace-period acceleration is enabled.
<6>[    0.000000] NR_IRQS:16 nr_irqs:16 16
<4>[    0.000000] rk_clk_tree_init start!
<3>[    0.000000] rkclk: _rkclk_add_provider: fail to get ehci1phy_12m_div
<3>[    0.000000] rkclk: rkclk_cache_parents: ehci1phy_12m_div clk_get error
<4>[    0.000000] rk_get_uboot_display_flag: uboot_logo_on = 0
<4>[    0.000000] rkclk_init_clks: cnt_parent = 7
<4>[    0.000000] rkclk_init_clks: cnt_rate = 28
<4>[    0.000000] rk3288 set GPLL BW 20 for HDMI!
<6>[    0.000000] Architected cp15 timer(s) running at 24.00MHz (phys).
<6>[    0.000000] Switching to timer-based delay loop
<6>[    0.000000] sched_clock: ARM arch timer >56 bits at 24000kHz, resolution 41ns
<6>[    0.000000] process version: 3
<6>[    0.000000] channel:0, lkg:9
<6>[    0.000000] target-temp:80
<6>[    0.000000] channel:2, lkg:0
<6>[    0.000000] channel:0, lkg:9
<6>[    0.000000] channel:1, lkg:7
<6>[    0.000000] sched_clock: 32 bits at 100 Hz, resolution 10000000ns, wraps every 4294967286ms
<6>[    0.351428] Calibrating delay loop (skipped), value calculated using timer frequency.. 48.00 BogoMIPS (lpj=240000)
<6>[    0.351445] pid_max: default: 32768 minimum: 301
<6>[    0.351556] Security Framework initialized
<6>[    0.351571] SELinux:  Initializing.
<7>[    0.351606] SELinux:  Starting in permissive mode
<6>[    0.351644] Mount-cache hash table entries: 512
<6>[    0.352283] Initializing cgroup subsys debug
<6>[    0.352298] Initializing cgroup subsys memory
<6>[    0.352324] Initializing cgroup subsys freezer
<6>[    0.352352] CPU: Testing write buffer coherency: ok
<3>[    0.352661] /cpus/cpu@0 missing clock-frequency property
<3>[    0.352674] /cpus/cpu@1 missing clock-frequency property
<3>[    0.352684] /cpus/cpu@2 missing clock-frequency property
<3>[    0.352693] /cpus/cpu@3 missing clock-frequency property
<6>[    0.352743] CPU0: thread -1, cpu 0, socket 5, mpidr 80000500
<6>[    0.352792] Setting up static identity map for 0xc0861650 - 0xc08616a8
<6>[    0.355234] last_log: 0x1d900000 map to 0xdf804000 and copy to 0xdf886000, size 0x80000 early 0x1745 (version 3.1)
<4>[    0.429569] CPU1: Booted secondary processor
<6>[    0.429602] CPU1: thread -1, cpu 1, socket 5, mpidr 80000501
<4>[    0.449239] CPU2: Booted secondary processor
<6>[    0.449263] CPU2: thread -1, cpu 2, socket 5, mpidr 80000502
<4>[    0.468951] CPU3: Booted secondary processor
<6>[    0.468975] CPU3: thread -1, cpu 3, socket 5, mpidr 80000503
<6>[    0.469078] Brought up 4 CPUs
<6>[    0.469106] SMP: Total of 4 processors activated (192.00 BogoMIPS).
<6>[    0.469115] CPU: All CPU(s) started in SVC mode.
<6>[    0.469846] devtmpfs: initialized
<6>[    0.474218] VFP support v0.3: implementor 41 architecture 3 part 30 variant d rev 0
<6>[    0.475307] pinctrl core: initialized pinctrl subsystem
<6>[    0.475559] regulator-dummy: no parameters
<6>[    0.500246] NET: Registered protocol family 16
<6>[    0.502100] DMA: preallocated 256 KiB pool for atomic coherent allocations
<6>[    0.502420] ion_snapshot: 0x1da90000 map to 0xdf907000 and copy to 0xc0e34b8c (version 0.1)
<6>[    0.502640] Registered FIQ tty driver
<3>[    0.503045] fiq-debugger is disabled in device tree
<4>[    0.503734] rockchip_get_bank_data:name=base start=0xff750000,end=0xff7500ff
<4>[    0.503757] rockchip_get_bank_data:name=mux_bank0 start=0xff730084,end=0xff73008f
<4>[    0.503774] rockchip_get_bank_data:name=pull_bank0 start=0xff730064,end=0xff73006f
<4>[    0.503790] rockchip_get_bank_data:name=drv_bank0 start=0xff730070,end=0xff73007b
<4>[    0.503879] rockchip_get_bank_data:name=/pinctrl@ff770000/gpio1@ff780000 start=0xff780000,end=0xff7800ff
<4>[    0.503943] rockchip_get_bank_data:name=/pinctrl@ff770000/gpio2@ff790000 start=0xff790000,end=0xff7900ff
<4>[    0.504003] rockchip_get_bank_data:name=/pinctrl@ff770000/gpio3@ff7a0000 start=0xff7a0000,end=0xff7a00ff
<4>[    0.504063] rockchip_get_bank_data:name=/pinctrl@ff770000/gpio4@ff7b0000 start=0xff7b0000,end=0xff7b00ff
<4>[    0.504122] rockchip_get_bank_data:name=/pinctrl@ff770000/gpio5@ff7c0000 start=0xff7c0000,end=0xff7c00ff
<4>[    0.504182] rockchip_get_bank_data:name=/pinctrl@ff770000/gpio6@ff7d0000 start=0xff7d0000,end=0xff7d00ff
<4>[    0.504241] rockchip_get_bank_data:name=/pinctrl@ff770000/gpio7@ff7e0000 start=0xff7e0000,end=0xff7e00ff
<4>[    0.504302] rockchip_get_bank_data:name=/pinctrl@ff770000/gpio8@ff7f0000 start=0xff7f0000,end=0xff7f00ff
<4>[    0.504370] rockchip_get_bank_data:name=/pinctrl@ff770000/gpio15@ff7f2000 start=0xff7f2000,end=0xff7f20ff
<4>[    0.504432] rockchip_pinctrl_probe:name=RK3288-GPIO,type=3
<4>[    0.504454] rockchip_pinctrl_probe:name=base start=0xff770000,end=0xff77013f
<4>[    0.504466] rockchip_pinctrl_probe:name=pull start=0xff770140,end=0xff7701bf
<4>[    0.504477] rockchip_pinctrl_probe:name=drv start=0xff7701c0,end=0xff77023f
<7>[    0.504550] gpiochip_add: registered GPIOs 0 to 31 on device: gpio0
<7>[    0.504605] gpiochip_add: registered GPIOs 32 to 63 on device: gpio1
<7>[    0.504666] gpiochip_add: registered GPIOs 64 to 95 on device: gpio2
<7>[    0.504726] gpiochip_add: registered GPIOs 96 to 127 on device: gpio3
<7>[    0.504780] gpiochip_add: registered GPIOs 128 to 159 on device: gpio4
<7>[    0.504841] gpiochip_add: registered GPIOs 160 to 191 on device: gpio5
<7>[    0.504897] gpiochip_add: registered GPIOs 192 to 223 on device: gpio6
<7>[    0.504952] gpiochip_add: registered GPIOs 224 to 255 on device: gpio7
<7>[    0.505006] gpiochip_add: registered GPIOs 256 to 287 on device: gpio8
<7>[    0.505066] gpiochip_add: registered GPIOs 288 to 319 on device: gpio15
<4>[    0.505091] rockchip_interrupts_register:bank_num=7
<7>[    0.506997] of_get_named_gpio_flags exited with status 6
<4>[    0.507010] of_get_gpio_init_config:gpio[0] = 6, value = 0
<4>[    0.507067] rockchip_pinctrl_probe:init ok
<6>[    0.514029] rk_iommu ff900800.iep_mmu: (iep) Enter
<6>[    0.514115] rk_iommu ff900800.iep_mmu: IOVMM: Created 0x3ffff000 B IOVMM from 0x10000000.
<6>[    0.514128] rk_iommu ff900800.iep_mmu: (iep) Initialized
<6>[    0.514300] rk_iommu ff950800.vip_mmu: (vip) Enter
<6>[    0.514372] rk_iommu ff950800.vip_mmu: IOVMM: Created 0x3ffff000 B IOVMM from 0x10000000.
<6>[    0.514384] rk_iommu ff950800.vip_mmu: (vip) Initialized
<6>[    0.514546] rk_iommu ff930300.vopb_mmu: (vopb) Enter
<6>[    0.514619] rk_iommu ff930300.vopb_mmu: IOVMM: Created 0x3ffff000 B IOVMM from 0x10000000.
<6>[    0.514631] rk_iommu ff930300.vopb_mmu: (vopb) Initialized
<6>[    0.514803] rk_iommu ff940300.vopl_mmu: (vopl) Enter
<6>[    0.514878] rk_iommu ff940300.vopl_mmu: IOVMM: Created 0x3ffff000 B IOVMM from 0x10000000.
<6>[    0.514890] rk_iommu ff940300.vopl_mmu: (vopl) Initialized
<6>[    0.515059] rk_iommu ff9c0440.hevc_mmu: (hevc) Enter
<6>[    0.515134] rk_iommu ff9c0440.hevc_mmu: IOVMM: Created 0x3ffff000 B IOVMM from 0x10000000.
<6>[    0.515146] rk_iommu ff9c0440.hevc_mmu: (hevc) Initialized
<6>[    0.515315] rk_iommu ff9a0800.vpu_mmu: (vpu) Enter
<6>[    0.515383] rk_iommu ff9a0800.vpu_mmu: IOVMM: Created 0x3ffff000 B IOVMM from 0x10000000.
<6>[    0.515395] rk_iommu ff9a0800.vpu_mmu: (vpu) Initialized
<6>[    0.515562] rk_iommu ff914000.isp_mmu: (isp_mmu) Enter
<6>[    0.515633] rk_iommu ff914000.isp_mmu: IOVMM: Created 0x3ffff000 B IOVMM from 0x10000000.
<6>[    0.515645] rk_iommu ff914000.isp_mmu: (isp_mmu) Initialized
<6>[    0.517609] hw-breakpoint: found 5 (+1 reserved) breakpoint and 4 watchpoint registers.
<6>[    0.517622] hw-breakpoint: maximum watchpoint size is 4 bytes.
<3>[    0.518233] rk3368_init_rockchip_pmu_ops: could not find pmu dt node
<4>[    0.518257] DDR DEBUG: version 1.00 20150126 
<4>[    0.518285] DDR DEBUG: Channel a: 
<4>[    0.518293] DDR DEBUG: DDR3 Device
<4>[    0.518307] DDR DEBUG: Bus Width=32 Col=10 Bank=8 Row=15 CS=1 Total Capability=1024MB
<4>[    0.518315] DDR DEBUG: Channel b: 
<4>[    0.518322] DDR DEBUG: DDR3 Device
<4>[    0.518334] DDR DEBUG: Bus Width=32 Col=10 Bank=8 Row=15 CS=1 Total Capability=1024MB
<4>[    0.518344] DDR DEBUG: addr=0xd41000
<4>[    0.518353] DDR DEBUG: stride=9, size=256, halfcap=40000000
<4>[    0.518361] DDR DEBUG: socAddr[0]=0xd41000, socAddr[1]=0xd41100
<4>[    0.518371] DDR DEBUG: chAddr[0]=0xd41000, chAddr[1]=0xd41000
<4>[    0.518382] DDR DEBUG: dtar[0]=0x101a8000, dtar[1]=0x101a8000
<4>[    0.518434] DDR DEBUG: init success!!! freq=200MHz
<4>[    0.518442] DDR DEBUG: Channel a: 
<4>[    0.518454] DDR DEBUG: DTONE=0x1, DTERR=0x0, DTIERR=0x0, DTPASS=4,0, DGSL=1,0 extra clock, DGPS=180,270
<4>[    0.518467] DDR DEBUG: DTONE=0x1, DTERR=0x0, DTIERR=0x0, DTPASS=4,0, DGSL=1,0 extra clock, DGPS=180,270
<4>[    0.518480] DDR DEBUG: DTONE=0x1, DTERR=0x0, DTIERR=0x0, DTPASS=4,0, DGSL=1,0 extra clock, DGPS=180,270
<4>[    0.518492] DDR DEBUG: DTONE=0x1, DTERR=0x0, DTIERR=0x0, DTPASS=4,0, DGSL=1,0 extra clock, DGPS=180,270
<4>[    0.518503] DDR DEBUG: ZERR=0, ZDONE=0, ZPD=0x0, ZPU=0x0, OPD=0x0, OPU=0x0
<4>[    0.518513] DDR DEBUG: DRV Pull-Up=0x19, DRV Pull-Dwn=0x19
<4>[    0.518521] DDR DEBUG: ODT Pull-Up=0x2, ODT Pull-Dwn=0x2
<4>[    0.518528] DDR DEBUG: Channel b: 
<4>[    0.518540] DDR DEBUG: DTONE=0x1, DTERR=0x0, DTIERR=0x0, DTPASS=4,0, DGSL=1,0 extra clock, DGPS=180,270
<4>[    0.518553] DDR DEBUG: DTONE=0x1, DTERR=0x0, DTIERR=0x0, DTPASS=4,0, DGSL=1,0 extra clock, DGPS=180,270
<4>[    0.518565] DDR DEBUG: DTONE=0x1, DTERR=0x0, DTIERR=0x0, DTPASS=4,0, DGSL=1,0 extra clock, DGPS=180,270
<4>[    0.518577] DDR DEBUG: DTONE=0x1, DTERR=0x0, DTIERR=0x0, DTPASS=4,0, DGSL=1,0 extra clock, DGPS=180,270
<4>[    0.518587] DDR DEBUG: ZERR=0, ZDONE=0, ZPD=0x0, ZPU=0x0, OPD=0x0, OPU=0x0
<4>[    0.518596] DDR DEBUG: DRV Pull-Up=0x19, DRV Pull-Dwn=0x19
<4>[    0.518605] DDR DEBUG: ODT Pull-Up=0x2, ODT Pull-Dwn=0x2
<6>[    0.543075] bio: create slab <bio-0> at 0
<6>[    0.543564] Rockchip hdmi driver version 2.0
<6>[    0.543564] .
<5>[    0.544763] SCSI subsystem initialized
<6>[    0.544915] usbcore: registered new interface driver usbfs
<6>[    0.544969] usbcore: registered new interface driver hub
<6>[    0.545054] usbcore: registered new device driver usb
<7>[    0.545320] of_get_named_gpio_flags exited with status 14
<7>[    0.545349] of_get_named_gpio_flags exited with status 12
<7>[    0.546435] of_get_named_gpio_flags exited with status 15
<7>[    0.546455] of_get_named_gpio_flags exited with status 16
<6>[    0.546887] i2c i2c-0: Name: rk808, addr: 0x1b
<3>[    0.546964] i2c i2c-0: of_i2c: modalias failure on /i2c@ff650000/rk818@1c
<6>[    0.547134] i2c i2c-0: Name: syr82x, addr: 0x40
<6>[    0.547325] i2c i2c-0: Name: syr82x, addr: 0x41
<6>[    0.547513] i2c i2c-0: Name: act8846, addr: 0x5a
<3>[    0.547579] i2c i2c-0: of_i2c: modalias failure on /i2c@ff650000/ricoh619@32
<6>[    0.547713] i2c i2c-0: Name: bq24296, addr: 0x6b
<6>[    0.547941] i2c i2c-0: Name: bq27320, addr: 0x55
<6>[    0.548133] i2c i2c-0: Name: cw201x, addr: 0x62
<6>[    0.548315] i2c i2c-0: Name: hym8563, addr: 0x51
<6>[    0.548461] rockchip_i2c ff650000.i2c: i2c-0: Rockchip I2C adapter
<7>[    0.548577] of_get_named_gpio_flags exited with status 260
<7>[    0.548597] of_get_named_gpio_flags exited with status 261
<6>[    0.548833] i2c i2c-1: Name: gt9xx_1024, addr: 0x5d
<6>[    0.548953] rockchip_i2c ff140000.i2c: i2c-1: Rockchip I2C adapter
<7>[    0.549054] of_get_named_gpio_flags exited with status 201
<7>[    0.549072] of_get_named_gpio_flags exited with status 202
<6>[    0.549294] i2c i2c-2: Name: rt5631, addr: 0x1a
<6>[    0.549486] i2c i2c-2: Name: es8323, addr: 0x10
<6>[    0.549671] i2c i2c-2: Name: rt3261, addr: 0x1c
<6>[    0.549851] i2c i2c-2: Name: rt5616, addr: 0x1b
<6>[    0.549965] rockchip_i2c ff660000.i2c: i2c-2: Rockchip I2C adapter
<7>[    0.550072] of_get_named_gpio_flags exited with status 81
<7>[    0.550091] of_get_named_gpio_flags exited with status 80
<6>[    0.550221] rockchip_i2c ff150000.i2c: i2c-3: Rockchip I2C adapter
<7>[    0.550321] of_get_named_gpio_flags exited with status 241
<7>[    0.550339] of_get_named_gpio_flags exited with status 242
<6>[    0.550565] i2c i2c-4: Name: gt9xx, addr: 0x5d
<6>[    0.550672] rockchip_i2c ff160000.i2c: i2c-4: Rockchip I2C adapter
<6>[    0.550810] media: Linux media interface: v0.10
<6>[    0.550854] Linux video capture interface: v2.00
<6>[    0.550973] pps_core: LinuxPPS API ver. 1 registered
<6>[    0.550983] pps_core: Software ver. 5.3.6 - Copyright 2005-2007 Rodolfo Giometti <giometti@linux.it>
<6>[    0.551004] PTP clock support registered
<7>[    0.551068] of_get_named_gpio_flags exited with status 7
<7>[    0.551080] of_get_named_gpio_flags exited with status 8
<3>[    0.551590] bq24296 0-006b: bq24296_battery_probe(): Failed in reading register0x0a
<4>[    0.551612] bq24296: probe of 0-006b failed with error -11
<4>[    0.551651] i2c-core: driver [bq24296] using legacy suspend method
<4>[    0.551660] i2c-core: driver [bq24296] using legacy resume method
<4>[    0.552375] ion_drm_heap_create: 0@0
<6>[    0.552502] Rockchip ion module is successfully loaded (v1.1)
<6>[    0.552665] Advanced Linux Sound Architecture Driver Initialized.
<6>[    0.553088] Bluetooth: Core ver 2.16
<6>[    0.553147] NET: Registered protocol family 31
<6>[    0.553157] Bluetooth: HCI device and connection manager initialized
<6>[    0.553173] Bluetooth: HCI socket layer initialized
<6>[    0.553185] Bluetooth: L2CAP socket layer initialized
<6>[    0.553210] Bluetooth: SCO socket layer initialized
<6>[    0.553443] cfg80211: Calling CRDA to update world regulatory domain
<4>[    0.554147] act8846_i2c_probe,line=880
<4>[    0.555118] act8846_parse_dt,line=744
<7>[    0.555550] of_get_named_gpio_flags exited with status 225
<7>[    0.555563] of_get_named_gpio_flags exited with status 10
<4>[    0.555585] act8846_i2c_probe: act8846_pmic_hold=1
<4>[    0.555605] act8846_i2c_probe: act8846_pmic_sleep=1
<6>[    0.557664] act_dcdc1: 1200 mV 
<6>[    0.560620] vccio: 3300 mV 
<6>[    0.562462] vdd_logic: 700 <--> 1500 mV at 1100 mV 
<6>[    0.565414] act_dcdc4: 2000 mV 
<6>[    0.566630] vccio_sd: 1800 <--> 3300 mV at 3300 mV 
<6>[    0.568939] act_ldo2: 1000 mV 
<6>[    0.571227] act_ldo3: 3300 mV 
<6>[    0.573527] act_ldo4: 3300 mV 
<6>[    0.575814] act_ldo5: 3300 mV 
<6>[    0.578137] act_ldo6: 1000 mV 
<6>[    0.580436] vcc_18: 1800 mV 
<6>[    0.582723] act_ldo8: 1800 mV 
<6>[    0.587474] vdd_arm: 712 <--> 1500 mV at 1100 mV 
<6>[    0.592174] vdd_gpu: 712 <--> 1500 mV at 900 mV 
<4>[    0.592957] rk808_i2c_probe,line=1355
<4>[    0.594289] The device is not rk808 -11
<4>[    0.594372] rk808: probe of 0-001b failed with error -11
<4>[    0.594453] i2c-core: driver [rk818] using legacy suspend method
<4>[    0.594463] i2c-core: driver [rk818] using legacy resume method
<6>[    0.596227] Switching to clocksource arch_sys_counter
<6>[    0.619953] rga: Module initialized.
<6>[    0.620675] rga2 ff920000.rga: rga ion client create success!
<6>[    0.620846] rga: Driver loaded succesfully
<7>[    0.621057] uboot-logo-on:0
<6>[    0.621091] rk-fb rockchip-fb: rk fb ion client create success!
<6>[    0.621103] rk-fb rockchip-fb: rockchip framebuffer driver probe
<6>[    0.621379] prmry screen timing parse success
<3>[    0.621395] rk-screen rk_screen.8: can't find power_ctr node for lcdc0
<6>[    0.621404] prmry screen power ctrl parse failed
<6>[    0.621469] extend screen timing parse success
<3>[    0.621482] rk-screen rk_screen.8: can't find power_ctr node for lcdc0
<6>[    0.621491] extend screen power ctrl parse failed
<6>[    0.621501] rk-screen rk_screen.8: rockchip screen probe success
<6>[    0.621660] Use LVDS as extend screen
<6>[    0.621751] rk32-lvds rk32-lvds: rk32 lvds driver probe success
<6>[    0.622134] Use EDP as prmry screen
<3>[    0.622263] rk32-edp rk32-edp: failed to get reset
<3>[    0.622276] rk32-edp rk32-edp: failed to get reset
<6>[    0.622993] rk32-edp rk32-edp: rk32 edp driver probe success
<6>[    0.623707] graphics fb0: rockchip framebuffer registerd:fb0
<6>[    0.624020] graphics fb1: rockchip framebuffer registerd:fb1
<6>[    0.624194] graphics fb2: rockchip framebuffer registerd:fb2
<6>[    0.624360] graphics fb3: rockchip framebuffer registerd:fb3
<6>[    0.625081] rk3288-lcdc lcdc0: lcdc0: dclk:110000000>>fps:50 
<6>[    0.625287] rk32-edp rk32-edp: edp pll locked
<6>[    0.625936] rk32-edp rk32-edp: max link rate:2.70Gps max number of lanes:2
<6>[    0.630888] rk32-edp rk32-edp: link training success.
<4>[    0.638004] rk_battery_charger_detect_cb , battery_charger_detect 1
<6>[    0.718879] rk3288-lcdc lcdc0: wakeup from standby!
<6>[    0.743908] alloc_buffer:ion_phy_addr=0x58000000
<6>[    0.756483] fb0:phy:58000000>>vir:df991000>>len:0x1800000
<6>[    0.756499] rk3288-lcdc lcdc0: lcdc0 probe ok, iommu disabled
<6>[    0.756930] graphics fb4: rockchip framebuffer registerd:fb4
<6>[    0.757259] graphics fb5: rockchip framebuffer registerd:fb5
<6>[    0.757431] graphics fb6: rockchip framebuffer registerd:fb6
<6>[    0.757599] graphics fb7: rockchip framebuffer registerd:fb7
<6>[    0.757614] fb4:phy:58000000>>vir:df991000>>len:0x1800000
<6>[    0.757638] rk3288-lcdc lcdc1: lcdc1 probe ok, iommu disabled
<4>[    0.758555] rockchip_set_mux:warning ignore bank num 15
<4>[    0.758685] rockchip_set_mux:warning ignore bank num 15
<4>[    0.758803] rockchip_set_mux:warning ignore bank num 15
<4>[    0.758921] rockchip_set_mux:warning ignore bank num 15
<4>[    0.759031] rockchip_set_mux:warning ignore bank num 15
<4>[    0.759168] rockchip_set_mux:warning ignore bank num 15
<4>[    0.759743] rockchip_set_mux:warning ignore bank num 15
<4>[    0.759896] rockchip_set_mux:warning ignore bank num 15
<4>[    0.760446] rockchip_set_mux:warning ignore bank num 15
<4>[    0.760595] rockchip_set_mux:warning ignore bank num 15
<4>[    0.761133] rockchip_set_mux:warning ignore bank num 15
<4>[    0.761291] rockchip_set_mux:warning ignore bank num 15
<4>[    0.761826] rockchip_set_mux:warning ignore bank num 15
<4>[    0.761980] rockchip_set_mux:warning ignore bank num 15
<7>[    0.763147] of_get_named_gpio_flags exited with status 8
<7>[    0.763162] of_get_named_gpio_flags exited with status 7
<7>[    0.763172] of_get_named_gpio_flags exited with status 9
<7>[    0.763182] of_get_named_gpio_flags: can't parse gpios property
<6>[    0.763194] cw201x:support DC  charger
<3>[    0.764198] cw_bat_probe cw_init error
<4>[    0.764220] cw201x: probe of 0-0062 failed with error -11
<6>[    0.764677] NET: Registered protocol family 2
<6>[    0.765342] TCP established hash table entries: 4096 (order: 3, 32768 bytes)
<6>[    0.765418] TCP bind hash table entries: 4096 (order: 3, 32768 bytes)
<6>[    0.765491] TCP: Hash tables configured (established 4096 bind 4096)
<6>[    0.765552] TCP: reno registered
<6>[    0.765566] UDP hash table entries: 256 (order: 1, 8192 bytes)
<6>[    0.765589] UDP-Lite hash table entries: 256 (order: 1, 8192 bytes)
<6>[    0.765798] NET: Registered protocol family 1
<6>[    0.766469] Unpacking initramfs...
<6>[    0.837766] Freeing initrd memory: 1304K (c5bf0000 - c5d36000)
<6>[    0.838564] hw perfevents: enabled with ARMv7 Cortex-A12 PMU driver, 7 counters available
<6>[    0.839162] vcodec_service: probe device ff9a0000.vpu_service
<4>[    0.839361] vcodec_service: No reset resource define
<6>[    0.839528] vcodec_service: ff9a0000.vpu_service: power on
<6>[    0.839615] vcodec_service: probe device ff9a0000.vpu_service
<6>[    0.839631] vcodec_service: checking hw id 4831
<6>[    0.840090] vcodec_service: ff9a0000.vpu_service: power off...
<6>[    0.840132] vcodec_service: done
<6>[    0.840141] vcodec_service: init success
<6>[    0.840196] vcodec_service: probe device ff9c0000.hevc_service
<6>[    0.840546] vcodec_service: ff9c0000.hevc_service: power on
<6>[    0.840602] vcodec_service: probe device ff9c0000.hevc_service
<6>[    0.840617] vcodec_service: checking hw id 6867
<6>[    0.840854] vcodec_service: ff9c0000.hevc_service: power off...
<6>[    0.840893] vcodec_service: done
<6>[    0.840901] vcodec_service: init success
<4>[    0.841038] rknandbase v1.0 2014-03-31
<4>[    0.841191] rknand: probe of ff400000.nandc0 failed with error -1
<4>[    0.841318] rknand_driver:ret = 0 
<6>[    0.842717] audit: initializing netlink socket (disabled)
<5>[    0.842762] type=2000 audit(0.490:1): initialized
<4>[    0.843607] bounce pool size: 64 pages
<6>[    0.848251] fuse init (API version 7.22)
<6>[    0.848639] msgmni has been set to 921
<7>[    0.848694] SELinux:  Registering netfilter hooks
<6>[    0.850475] Block layer SCSI generic (bsg) driver version 0.4 loaded (major 246)
<6>[    0.850491] io scheduler noop registered
<6>[    0.850501] io scheduler deadline registered
<6>[    0.850590] io scheduler cfq registered (default)
<7>[    0.851401] of_get_named_gpio_flags exited with status 226
<4>[    0.852501] IEP Driver loaded succesfully
<4>[    0.852600] Module initialized.
<6>[    0.853588] dma-pl330 ffb20000.pdma: Loaded driver for PL330 DMAC-2364208
<6>[    0.853607] dma-pl330 ffb20000.pdma: 	DBUFF-64x8bytes Num_Chans-5 Num_Peri-6 Num_Events-10
<6>[    0.854909] dma-pl330 ff250000.pdma: Loaded driver for PL330 DMAC-2364208
<6>[    0.854927] dma-pl330 ff250000.pdma: 	DBUFF-128x8bytes Num_Chans-8 Num_Peri-20 Num_Events-16
<6>[    0.855301] vdd_logic: 925 <--> 1400 mV at 1000 mV 
<4>[    0.855358] vdd_logic: Failed to create debugfs directory
<4>[    0.855656] rk_serial.c v1.8 2014-03-04
<6>[    0.855891] ff180000.serial: ttyS0 at MMIO 0xff180000 (irq = 87) is a rk29_serial.0
<6>[    0.856079] serial ff180000.serial: membase e11c6000
<6>[    0.856226] ff190000.serial: ttyS1 at MMIO 0xff190000 (irq = 88) is a rk29_serial.1
<6>[    0.856403] serial ff190000.serial: membase e11ce000
<6>[    0.856540] ff690000.serial: ttyS2 at MMIO 0xff690000 (irq = 89) is a rk29_serial.2
<6>[    0.856702] serial ff690000.serial: membase fed60000
<6>[    0.856839] ff1b0000.serial: ttyS3 at MMIO 0xff1b0000 (irq = 90) is a rk29_serial.3
<6>[    0.856999] serial ff1b0000.serial: membase e11d0000
<6>[    0.857137] ff1c0000.serial: ttyS4 at MMIO 0xff1c0000 (irq = 91) is a rk29_serial.4
<6>[    0.857297] serial ff1c0000.serial: membase e11d2000
<6>[    0.860124] loop: module loaded
<6>[    0.860461] zram: Created 1 device(s) ...
<4>[    0.860542] i2c-core: driver [mpu6050B1] using legacy suspend method
<4>[    0.860552] i2c-core: driver [mpu6050B1] using legacy resume method
<6>[    0.860567] mpu_init: Probe name mpu6050B1
<6>[    0.860710] ak8963_mod_init: Probe name ak8963_mod
<6>[    0.861421] SCSI Media Changer driver v0.25 
<4>[    0.861617] rk32_iomux_bit_op:GPIO7-13,reg=0x70,data=0xc000800,result=0xaa01
<4>[    0.861631] _rockchip_pinconf_set:GPIO7-13,group=spi1-cs0, function=gpio7_spi1, type=3
<4>[    0.861643] rk3288_calc_drv_reg_and_bit:GPIO7-13, drv_reg=0x74, bit=10
<4>[    0.861654] _rockchip_pinconf_set:GPIO-7 13 data=0xc000000,type=3
<6>[    0.861687] dws->regs: e11d4000
<4>[    0.863021] rockchip_spi_probe:num_cs=1,bus_num=1,irq=77,freq=45692308 ok
<4>[    0.863354] rockchip_spi_test_probe:name=spi_test_bus1_cs0,bus_num=1,cs=0,mode=0,speed=24000000
<4>[    0.863366] rockchip_spi_test_probe:poll_mode=0, type=0, enable_dma=0
<6>[    0.863405] tun: Universal TUN/TAP device driver, 1.6
<6>[    0.863414] tun: (C) 1999-2004 Max Krasnyansky <maxk@qualcomm.com>
<4>[    0.863544] vmac_init.
<3>[    0.864113] stmmac_probe_config_dt: Can not read property: pmu_regulator.
<6>[    0.864125] stmmac_probe_config_dt: clock input/output? (input).
<6>[    0.864136] stmmac_probe_config_dt: TX delay(0x28).
<6>[    0.864145] stmmac_probe_config_dt: RX delay(0x10).
<7>[    0.864156] of_get_named_gpio_flags: can't parse gpios property
<7>[    0.864172] of_get_named_gpio_flags exited with status 136
<7>[    0.864181] of_get_named_gpio_flags: can't parse gpios property
<6>[    0.864191] stmmac_probe_config_dt: is rockchip,rk3288-gmac
<6>[    0.864200] stmmc_pltfr_init:
<3>[    0.864208] stmmc_pltfr_init: ERROR: Get power-gpio failed.
<6>[    0.864230] stmmc_pltfr_init: init for RGMII
<6>[    0.864239] tx delay=0x28
<6>[    0.864239] rx delay=0x10
<6>[    0.864254] tx delay=0x28
<6>[    0.864254] rx delay=0x10
<6>[    0.864691] stmmac - user ID: 0x10, Synopsys ID: 0x35
<6>[    0.864701]  Normal descriptors
<6>[    0.864708]  Ring mode enabled
<6>[    0.864718]  DMA HW capability register supported
<6>[    0.864729]  RX Checksum Offload Engine supported (type 2)
<6>[    0.864737]  TX Checksum insertion supported
<6>[    0.864744]  Wake-Up On Lan supported
<6>[    0.864778]  Enable RX Mitigation via HW Watchdog Timer
<6>[    0.865219] PPP generic driver version 2.4.2
<6>[    0.865373] PPP BSD Compression module registered
<6>[    0.865384] PPP Deflate Compression module registered
<6>[    0.865406] PPP MPPE Compression module registered
<6>[    0.865416] NET: Registered protocol family 24
<6>[    0.865452] SLIP: version 0.8.4-NET3.019-NEWTTY (dynamic channels, max=256) (6 bit encapsulation enabled).
<6>[    0.865462] CSLIP: code copyright 1989 Regents of the University of California.
<4>[    0.865472] Rockchip WiFi SYS interface (V1.00) ... 
<4>[    0.865505] esp_mem_init enter date Oct 15 2017 20:44:25
<4>[    0.865514] esp_mem_init VERSION [V2.5]
<4>[    0.865556] esp_mem_init complete 
<6>[    0.865640] usbcore: registered new interface driver catc
<6>[    0.865679] usbcore: registered new interface driver kaweth
<6>[    0.865689] pegasus: v0.9.3 (2013/04/25), Pegasus/Pegasus II USB Ethernet driver
<6>[    0.865726] usbcore: registered new interface driver pegasus
<6>[    0.865764] usbcore: registered new interface driver rtl8150
<6>[    0.865800] usbcore: registered new interface driver r8152
<6>[    0.865810] hso: drivers/net/usb/hso.c: Option Wireless
<6>[    0.865882] usbcore: registered new interface driver hso
<6>[    0.865924] usbcore: registered new interface driver asix
<6>[    0.865966] usbcore: registered new interface driver ax88179_178a
<6>[    0.866002] usbcore: registered new interface driver cdc_ether
<6>[    0.866038] usbcore: registered new interface driver cdc_eem
<6>[    0.866074] usbcore: registered new interface driver dm9601
<6>[    0.866109] usbcore: registered new interface driver dm9620
<6>[    0.866158] usbcore: registered new interface driver smsc75xx
<6>[    0.866203] usbcore: registered new interface driver smsc95xx
<6>[    0.866240] usbcore: registered new interface driver gl620a
<6>[    0.866277] usbcore: registered new interface driver net1080
<6>[    0.866314] usbcore: registered new interface driver plusb
<6>[    0.866352] usbcore: registered new interface driver rndis_host
<6>[    0.866395] usbcore: registered new interface driver cdc_subset
<6>[    0.866430] usbcore: registered new interface driver zaurus
<6>[    0.866469] usbcore: registered new interface driver MOSCHIP usb-ethernet driver
<6>[    0.866529] usbcore: registered new interface driver int51x1
<6>[    0.866565] usbcore: registered new interface driver kalmia
<6>[    0.866603] usbcore: registered new interface driver ipheth
<6>[    0.866643] usbcore: registered new interface driver sierra_net
<6>[    0.866687] usbcore: registered new interface driver cx82310_eth
<6>[    0.866734] usbcore: registered new interface driver cdc_ncm
<6>[    0.866771] usbcore: registered new interface driver qmi_wwan
<6>[    0.866809] usbcore: registered new interface driver cdc_mbim
<6>[    0.866819] ehci_hcd: USB 2.0 'Enhanced' Host Controller (EHCI) Driver
<6>[    0.869255] EHCI: ehci_rk_probe e1200000 e1200010
<6>[    0.869271] rockchip_ehci_host ff500000.usb: EHCI Host Controller
<6>[    0.869306] rockchip_ehci_host ff500000.usb: new USB bus registered, assigned bus number 1
<6>[    0.869625] rockchip_ehci_host ff500000.usb: irq 56, io mem 0xff500000
<6>[    0.881666] rockchip_ehci_host ff500000.usb: USB 2.0 started, EHCI 1.00
<6>[    0.881756] usb usb1: New USB device found, idVendor=1d6b, idProduct=0002
<6>[    0.881771] usb usb1: New USB device strings: Mfr=3, Product=2, SerialNumber=1
<6>[    0.881783] usb usb1: Product: EHCI Host Controller
<6>[    0.881794] usb usb1: Manufacturer: Linux 3.10.0 ehci_hcd
<6>[    0.881804] usb usb1: SerialNumber: ff500000.usb
<6>[    0.882235] hub 1-0:1.0: USB hub found
<6>[    0.882258] hub 1-0:1.0: 1 port detected
<6>[    0.882429] EHCI: ehci_rk_probe ok
<6>[    0.882541] ohci_hcd: USB 1.1 'Open' Host Controller (OHCI) Driver
<6>[    0.882790] usbcore: registered new interface driver cdc_acm
<6>[    0.882801] cdc_acm: USB Abstract Control Model driver for USB modems and ISDN adapters
<6>[    0.882860] usbcore: registered new interface driver usblp
<6>[    0.882903] usbcore: registered new interface driver cdc_wdm
<6>[    0.882967] usbcore: registered new interface driver usb-storage
<6>[    0.883004] usbcore: registered new interface driver ums-alauda
<6>[    0.883040] usbcore: registered new interface driver ums-cypress
<6>[    0.883077] usbcore: registered new interface driver ums-datafab
<6>[    0.883113] usbcore: registered new interface driver ums_eneub6250
<6>[    0.883149] usbcore: registered new interface driver ums-freecom
<6>[    0.883186] usbcore: registered new interface driver ums-isd200
<6>[    0.883229] usbcore: registered new interface driver ums-jumpshot
<6>[    0.883265] usbcore: registered new interface driver ums-karma
<6>[    0.883301] usbcore: registered new interface driver ums-onetouch
<6>[    0.883338] usbcore: registered new interface driver ums-sddr09
<6>[    0.883375] usbcore: registered new interface driver ums-sddr55
<6>[    0.883411] usbcore: registered new interface driver ums-usbat
<6>[    0.883497] usbcore: registered new interface driver usbserial
<6>[    0.883540] usbcore: registered new interface driver usbserial_generic
<6>[    0.883575] usbserial: USB Serial support registered for generic
<6>[    0.883615] usbcore: registered new interface driver option
<6>[    0.883643] usbserial: USB Serial support registered for GSM modem (1-port)
<6>[    0.883736] usbcore: registered new interface driver trancevibrator
<6>[    0.883746] usb20_otg: version 3.10a 21-DEC-2012
<4>[    0.884161] e1280040
<4>[    0.884173] Core Release: 3.10a
<4>[    0.884183] Setting default values for core params
<4>[    0.884318] Using Buffer DMA mode
<4>[    0.884328] Periodic Transfer Interrupt Enhancement - disabled
<4>[    0.884337] Multiprocessor Interrupt Enhancement - disabled
<4>[    0.884346] OTG VER PARAM: 0, OTG VER FLAG: 0
<4>[    0.884355] ^^^^^^^^^^^^^^^^^Device Mode
<4>[    0.884369] Dedicated Tx FIFOs mode
<4>[    0.884386] pcd_init otg_dev = dceea880
<6>[    0.884543] usb20_otg ff580000.usb: DWC OTG Controller
<6>[    0.884570] usb20_otg ff580000.usb: new USB bus registered, assigned bus number 2
<6>[    0.884598] usb20_otg ff580000.usb: irq 55, io mem 0x00000000
<6>[    0.884658] usb usb2: New USB device found, idVendor=1d6b, idProduct=0002
<6>[    0.884672] usb usb2: New USB device strings: Mfr=3, Product=2, SerialNumber=1
<6>[    0.884683] usb usb2: Product: DWC OTG Controller
<6>[    0.884694] usb usb2: Manufacturer: Linux 3.10.0 dwc_otg_hcd
<6>[    0.884705] usb usb2: SerialNumber: ff580000.usb
<6>[    0.885122] hub 2-0:1.0: USB hub found
<6>[    0.885144] hub 2-0:1.0: 1 port detected
<6>[    0.885464] usb20_host: version 3.10a 21-DEC-2012
<4>[    0.887955] e1300040
<4>[    0.887966] Core Release: 3.10a
<4>[    0.887976] Setting default values for core params
<4>[    0.888083] Using Buffer DMA mode
<4>[    0.888093] Periodic Transfer Interrupt Enhancement - disabled
<4>[    0.888101] Multiprocessor Interrupt Enhancement - disabled
<4>[    0.888110] OTG VER PARAM: 0, OTG VER FLAG: 0
<4>[    0.888118] ^^^^^^^^^^^^^^^^^^Host Mode
<6>[    0.888140] usb20_host ff540000.usb: DWC OTG Controller
<6>[    0.888164] usb20_host ff540000.usb: new USB bus registered, assigned bus number 3
<6>[    0.888188] usb20_host ff540000.usb: irq 57, io mem 0x00000000
<4>[    0.888278] Init: Power Port (0)
<6>[    0.888340] usb usb3: New USB device found, idVendor=1d6b, idProduct=0002
<6>[    0.888354] usb usb3: New USB device strings: Mfr=3, Product=2, SerialNumber=1
<6>[    0.888366] usb usb3: Product: DWC OTG Controller
<6>[    0.888377] usb usb3: Manufacturer: Linux 3.10.0 dwc_otg_hcd
<6>[    0.888387] usb usb3: SerialNumber: ff540000.usb
<6>[    0.888746] hub 3-0:1.0: USB hub found
<6>[    0.888765] hub 3-0:1.0: 1 port detected
<6>[    0.889481] usbcore: registered new interface driver xpad
<6>[    0.889535] usbcore: registered new interface driver usb_acecad
<6>[    0.889586] usbcore: registered new interface driver aiptek
<6>[    0.889629] usbcore: registered new interface driver gtco
<6>[    0.889671] usbcore: registered new interface driver hanwang
<6>[    0.889712] usbcore: registered new interface driver kbtab
<6>[    0.889761] usbcore: registered new interface driver wacom
<4>[    0.890014] ___goodix_ts_probe() start____ 
<6>[    0.890028] Goodix-TS 4-005d: goodix: testing ...
<3>[    0.890043] Goodix-TS 4-005d: no max-x defined
<7>[    0.890062] of_get_named_gpio_flags exited with status 230
<7>[    0.890073] of_get_named_gpio_flags exited with status 229
<7>[    0.890082] of_get_named_gpio_flags: can't parse gpios property
<6>[    1.049100] input: goodix-ts as /devices/ff160000.i2c/i2c-4/4-005d/input/input0
<4>[    1.050040] sensor_register_slave:mma8452,id=17
<4>[    1.050055] sensor_register_slave:gs_mc3230,id=23
<4>[    1.050064] gsensor_init
<4>[    1.050074] sensor_register_slave:mpu6880_acc,id=24
<4>[    1.050082] sensor_register_slave:mpu6500_acc,id=25
<4>[    1.050092] sensor_register_slave:cm3217,id=48
<4>[    1.050101] sensor_register_slave:cm3218,id=49
<7>[    1.053006] of_get_named_gpio_flags exited with status 4
<6>[    1.054917] rtc_hym8563 0-0051: rtc core: registered hym8563 as rtc0
<6>[    1.054964] i2c /dev entries driver
<6>[    1.055674] IR NEC protocol handler initialized
<6>[    1.055685] IR RC5(x) protocol handler initialized
<6>[    1.055693] IR RC6 protocol handler initialized
<6>[    1.055701] IR JVC protocol handler initialized
<6>[    1.055709] IR Sony protocol handler initialized
<6>[    1.055717] IR RC5 (streamzap) protocol handler initialized
<6>[    1.055725] IR SANYO protocol handler initialized
<6>[    1.055733] IR MCE Keyboard/mouse protocol handler initialized
<6>[    1.055933] usbcore: registered new interface driver uvcvideo
<6>[    1.055943] USB Video Class driver (1.1.1)
<4>[    1.055953] CamSys driver version: v0.32.0,  CamSys head file version: v0.11.0
<7>[    1.056959] of_get_named_gpio_flags: can't parse gpios property
<4>[    1.056972] D1:camsys_platform_probe(1300): 1-gpios-cifpower: gpio=-2
<4>[    1.057024] D1:camsys_mipiphy_probe_cb(115): compatible is rockchip,rk3288
<4>[    1.057024] 
<4>[    1.057093] D1:camsys_mipiphy_probe_cb(186): ff910000.isp mipi phy0 probe success(reg_phy: 0x0  reg_vir: 0x0  size: 0x0)
<4>[    1.057234] D1:camsys_mipiphy_probe_cb(183): ff910000.isp mipi phy1 probe success(reg_phy: 0xff968000  reg_vir: 0xe11d8000  size: 0x4000)
<4>[    1.057862] D1:camsys_platform_probe(1447): ff910000.isp memory:
<4>[    1.057879] D1:camsys_platform_probe(1457):     Register memory (phy: 0xff910000 vir: 0xe1240000 size: 0x10000)
<4>[    1.057891] D1:camsys_platform_probe(1452):     I2c memory (phy: 0x1cef2000 vir: 0xdcef2000 size: 0x1000)
<4>[    1.057903] D1:camsys_init_ext_fsh_module(20): init external flash module
<4>[    1.057913] D1:camsys_platform_probe(1472): Probe ff910000.isp device success 
<6>[    1.058291] not find test_power_init dev node
<4>[    1.059902] The device is not bq27320 -11
<4>[    1.059924] bq27320: probe of 0-0055 failed with error -11
<4>[    1.059965] i2c-core: driver [bq27320] using legacy suspend method
<4>[    1.059974] i2c-core: driver [bq27320] using legacy resume method
<4>[    1.060299] rockchip_temp_probe,line=364
<6>[    1.117811] tsadc ff280000.tsadc: initialized
<6>[    1.118191] device-mapper: uevent: version 1.0.3
<6>[    1.118441] device-mapper: ioctl: 4.24.0-ioctl (2013-01-15) initialised: dm-devel@redhat.com
<6>[    1.118712] Bluetooth: HCI UART driver ver 2.2
<6>[    1.118726] Bluetooth: HCI H4 protocol initialized
<6>[    1.118735] Bluetooth: HCILL protocol initialized
<6>[    1.118744] rtk_btusb: Realtek Bluetooth USB driver module init, version 2.21
<6>[    1.118753] rtk_btusb: Register usb char device interface for BT driver
<6>[    1.118955] usbcore: registered new interface driver rtk_btusb
<4>[    1.119062] DVFS WARNING:	clk_enable_dvfs: clk(aclk_vio1) freq table all value are smaller than default(550000), use default, just enable dvfs
<4>[    1.121690] cpufreq version 1.0, suspend freq 1200 MHz
<6>[    1.121892] cpuidle: using governor ladder
<6>[    1.121902] cpuidle: using governor menu
<6>[    1.121937] Synopsys Designware Multimedia Card Interface Driver
<6>[    1.121947] MHSC version = Ver 2.00 2015-06-10
<4>[    1.122249] dw cru_regsbase addr 0x1d8.
<4>[    1.122260] dw cru_reset_offset val 3.
<6>[    1.122273] dwmmc_rockchip ff0f0000.rksdmmc: Version ID is 270a
<3>[    1.122313] dwmmc_rockchip ff0f0000.rksdmmc: failed to get hpclk_mmc
<6>[    1.122624] dwmmc_rockchip ff0f0000.rksdmmc: Using internal DMA controller.
<4>[    1.122783] dw_mci_init_slot: fmin=400000, fmax=100000000 [mmc0]
<7>[    1.122810] of_get_named_gpio_flags: can't parse gpios property
<4>[    1.122919] 1360..dw_mci_set_ios:  no card. [mmc0]
<4>[    1.137504] 1360..dw_mci_set_ios:  no card. [mmc0]
<4>[    1.157215] CPU: 1 PID: 6 Comm: kworker/u8:0 Not tainted 3.10.0 #205
<6>[    1.157230] dwmmc_rockchip ff0f0000.rksdmmc: DW MMC controller at irq 67, 32 bit host data width, 256 deep fifo
<6>[    1.157241] dwmmc_rockchip ff0f0000.rksdmmc: 1 slots initialized
<4>[    1.157266] Workqueue: kmmcd mmc_rescan
<4>[    1.157306] [<c0013ec4>] (unwind_backtrace+0x0/0xe0) from [<c001176c>] (show_stack+0x10/0x14)
<4>[    1.157330] [<c001176c>] (show_stack+0x10/0x14) from [<c05d3994>] (dw_mci_setup_bus+0x1c/0x470)
<4>[    1.157352] [<c05d3994>] (dw_mci_setup_bus+0x1c/0x470) from [<c05d3f48>] (dw_mci_set_ios+0x160/0x214)
<4>[    1.157370] [<c05d3f48>] (dw_mci_set_ios+0x160/0x214) from [<c05c0948>] (mmc_set_chip_select+0x18/0x1c)
<4>[    1.157390] [<c05c0948>] (mmc_set_chip_select+0x18/0x1c) from [<c05c4db0>] (mmc_go_idle+0x34/0xc4)
<4>[    1.157407] [<c05c4db0>] (mmc_go_idle+0x34/0xc4) from [<c05c0f9c>] (mmc_rescan_try_freq+0x54/0xd0)
<4>[    1.157423] [<c05c0f9c>] (mmc_rescan_try_freq+0x54/0xd0) from [<c05c1864>] (mmc_rescan+0x204/0x298)
<4>[    1.157442] [<c05c1864>] (mmc_rescan+0x204/0x298) from [<c0050820>] (process_one_work+0x29c/0x458)
<4>[    1.157459] [<c0050820>] (process_one_work+0x29c/0x458) from [<c0050b70>] (worker_thread+0x194/0x2d4)
<4>[    1.157478] [<c0050b70>] (worker_thread+0x194/0x2d4) from [<c0056150>] (kthread+0xa0/0xac)
<4>[    1.157500] [<c0056150>] (kthread+0xa0/0xac) from [<c000da98>] (ret_from_fork+0x14/0x3c)
<4>[    1.157514] rk_sdmmc: BOOT dw_mci_setup_bus: argue clk_mmc workaround out 800000Hz for init[mmc0]
<4>[    1.157520] dw cru_regsbase addr 0x1d8.
<4>[    1.157529] dw cru_reset_offset val 0.
<6>[    1.157541] dwmmc_rockchip ff0c0000.rksdmmc: Version ID is 270a
<3>[    1.157574] dwmmc_rockchip ff0c0000.rksdmmc: failed to get hpclk_mmc
<6>[    1.158683] dwmmc_rockchip ff0c0000.rksdmmc: Using internal DMA controller.
<4>[    1.158834] dw_mci_init_slot: fmin=400000, fmax=50000000 [mmc1]
<7>[    1.158860] of_get_named_gpio_flags: can't parse gpios property
<4>[    1.159372] dwmmc_rockchip ff0c0000.rksdmmc: mmc1: No udbg pinctrl found!
<4>[    1.159476] 1360..dw_mci_set_ios:  no card. [mmc1]
<4>[    1.159953] CPU: 1 PID: 6 Comm: kworker/u8:0 Not tainted 3.10.0 #205
<4>[    1.159968] Workqueue: kmmcd mmc_rescan
<4>[    1.159992] [<c0013ec4>] (unwind_backtrace+0x0/0xe0) from [<c001176c>] (show_stack+0x10/0x14)
<4>[    1.160010] [<c001176c>] (show_stack+0x10/0x14) from [<c05d3994>] (dw_mci_setup_bus+0x1c/0x470)
<4>[    1.160028] [<c05d3994>] (dw_mci_setup_bus+0x1c/0x470) from [<c05d3f48>] (dw_mci_set_ios+0x160/0x214)
<4>[    1.160046] [<c05d3f48>] (dw_mci_set_ios+0x160/0x214) from [<c05c0948>] (mmc_set_chip_select+0x18/0x1c)
<4>[    1.160064] [<c05c0948>] (mmc_set_chip_select+0x18/0x1c) from [<c05c4e10>] (mmc_go_idle+0x94/0xc4)
<4>[    1.160080] [<c05c4e10>] (mmc_go_idle+0x94/0xc4) from [<c05c0f9c>] (mmc_rescan_try_freq+0x54/0xd0)
<4>[    1.160096] [<c05c0f9c>] (mmc_rescan_try_freq+0x54/0xd0) from [<c05c1864>] (mmc_rescan+0x204/0x298)
<4>[    1.160112] [<c05c1864>] (mmc_rescan+0x204/0x298) from [<c0050820>] (process_one_work+0x29c/0x458)
<4>[    1.160126] [<c0050820>] (process_one_work+0x29c/0x458) from [<c0050b70>] (worker_thread+0x194/0x2d4)
<4>[    1.160143] [<c0050b70>] (worker_thread+0x194/0x2d4) from [<c0056150>] (kthread+0xa0/0xac)
<4>[    1.160162] [<c0056150>] (kthread+0xa0/0xac) from [<c000da98>] (ret_from_fork+0x14/0x3c)
<4>[    1.161161] CPU: 1 PID: 6 Comm: kworker/u8:0 Not tainted 3.10.0 #205
<4>[    1.161172] Workqueue: kmmcd mmc_rescan
<4>[    1.161189] [<c0013ec4>] (unwind_backtrace+0x0/0xe0) from [<c001176c>] (show_stack+0x10/0x14)
<4>[    1.161206] [<c001176c>] (show_stack+0x10/0x14) from [<c05d3994>] (dw_mci_setup_bus+0x1c/0x470)
<4>[    1.161223] [<c05d3994>] (dw_mci_setup_bus+0x1c/0x470) from [<c05d3f48>] (dw_mci_set_ios+0x160/0x214)
<4>[    1.161240] [<c05d3f48>] (dw_mci_set_ios+0x160/0x214) from [<c05c0b74>] (mmc_set_bus_mode+0x18/0x1c)
<4>[    1.161256] [<c05c0b74>] (mmc_set_bus_mode+0x18/0x1c) from [<c05c47ac>] (mmc_attach_mmc+0x48/0x178)
<4>[    1.161273] [<c05c47ac>] (mmc_attach_mmc+0x48/0x178) from [<c05c1000>] (mmc_rescan_try_freq+0xb8/0xd0)
<4>[    1.161289] [<c05c1000>] (mmc_rescan_try_freq+0xb8/0xd0) from [<c05c1864>] (mmc_rescan+0x204/0x298)
<4>[    1.161304] [<c05c1864>] (mmc_rescan+0x204/0x298) from [<c0050820>] (process_one_work+0x29c/0x458)
<4>[    1.161319] [<c0050820>] (process_one_work+0x29c/0x458) from [<c0050b70>] (worker_thread+0x194/0x2d4)
<4>[    1.161335] [<c0050b70>] (worker_thread+0x194/0x2d4) from [<c0056150>] (kthread+0xa0/0xac)
<4>[    1.161352] [<c0056150>] (kthread+0xa0/0xac) from [<c000da98>] (ret_from_fork+0x14/0x3c)
<4>[    1.161684] CPU: 0 PID: 6 Comm: kworker/u8:0 Not tainted 3.10.0 #205
<4>[    1.161699] Workqueue: kmmcd mmc_rescan
<4>[    1.161720] [<c0013ec4>] (unwind_backtrace+0x0/0xe0) from [<c001176c>] (show_stack+0x10/0x14)
<4>[    1.161738] [<c001176c>] (show_stack+0x10/0x14) from [<c05d3994>] (dw_mci_setup_bus+0x1c/0x470)
<4>[    1.161757] [<c05d3994>] (dw_mci_setup_bus+0x1c/0x470) from [<c05d3f48>] (dw_mci_set_ios+0x160/0x214)
<4>[    1.161774] [<c05d3f48>] (dw_mci_set_ios+0x160/0x214) from [<c05c0b74>] (mmc_set_bus_mode+0x18/0x1c)
<4>[    1.161791] [<c05c0b74>] (mmc_set_bus_mode+0x18/0x1c) from [<c05c3d38>] (mmc_init_card+0x5c/0x8d4)
<4>[    1.161808] [<c05c3d38>] (mmc_init_card+0x5c/0x8d4) from [<c05c4848>] (mmc_attach_mmc+0xe4/0x178)
<4>[    1.161824] [<c05c4848>] (mmc_attach_mmc+0xe4/0x178) from [<c05c1000>] (mmc_rescan_try_freq+0xb8/0xd0)
<4>[    1.161840] [<c05c1000>] (mmc_rescan_try_freq+0xb8/0xd0) from [<c05c1864>] (mmc_rescan+0x204/0x298)
<4>[    1.161855] [<c05c1864>] (mmc_rescan+0x204/0x298) from [<c0050820>] (process_one_work+0x29c/0x458)
<4>[    1.161870] [<c0050820>] (process_one_work+0x29c/0x458) from [<c0050b70>] (worker_thread+0x194/0x2d4)
<4>[    1.161886] [<c0050b70>] (worker_thread+0x194/0x2d4) from [<c0056150>] (kthread+0xa0/0xac)
<4>[    1.161904] [<c0056150>] (kthread+0xa0/0xac) from [<c000da98>] (ret_from_fork+0x14/0x3c)
<4>[    1.161918] CPU: 0 PID: 6 Comm: kworker/u8:0 Not tainted 3.10.0 #205
<4>[    1.161929] Workqueue: kmmcd mmc_rescan
<4>[    1.161946] [<c0013ec4>] (unwind_backtrace+0x0/0xe0) from [<c001176c>] (show_stack+0x10/0x14)
<4>[    1.161963] [<c001176c>] (show_stack+0x10/0x14) from [<c05d3994>] (dw_mci_setup_bus+0x1c/0x470)
<4>[    1.161981] [<c05d3994>] (dw_mci_setup_bus+0x1c/0x470) from [<c05d3f48>] (dw_mci_set_ios+0x160/0x214)
<4>[    1.161997] [<c05d3f48>] (dw_mci_set_ios+0x160/0x214) from [<c05c0948>] (mmc_set_chip_select+0x18/0x1c)
<4>[    1.162014] [<c05c0948>] (mmc_set_chip_select+0x18/0x1c) from [<c05c4db0>] (mmc_go_idle+0x34/0xc4)
<4>[    1.162031] [<c05c4db0>] (mmc_go_idle+0x34/0xc4) from [<c05c3d40>] (mmc_init_card+0x64/0x8d4)
<4>[    1.162047] [<c05c3d40>] (mmc_init_card+0x64/0x8d4) from [<c05c4848>] (mmc_attach_mmc+0xe4/0x178)
<4>[    1.162063] [<c05c4848>] (mmc_attach_mmc+0xe4/0x178) from [<c05c1000>] (mmc_rescan_try_freq+0xb8/0xd0)
<4>[    1.162079] [<c05c1000>] (mmc_rescan_try_freq+0xb8/0xd0) from [<c05c1864>] (mmc_rescan+0x204/0x298)
<4>[    1.162094] [<c05c1864>] (mmc_rescan+0x204/0x298) from [<c0050820>] (process_one_work+0x29c/0x458)
<4>[    1.162109] [<c0050820>] (process_one_work+0x29c/0x458) from [<c0050b70>] (worker_thread+0x194/0x2d4)
<4>[    1.162125] [<c0050b70>] (worker_thread+0x194/0x2d4) from [<c0056150>] (kthread+0xa0/0xac)
<4>[    1.162142] [<c0056150>] (kthread+0xa0/0xac) from [<c000da98>] (ret_from_fork+0x14/0x3c)
<4>[    1.164302] CPU: 0 PID: 6 Comm: kworker/u8:0 Not tainted 3.10.0 #205
<4>[    1.164315] Workqueue: kmmcd mmc_rescan
<4>[    1.164334] [<c0013ec4>] (unwind_backtrace+0x0/0xe0) from [<c001176c>] (show_stack+0x10/0x14)
<4>[    1.164352] [<c001176c>] (show_stack+0x10/0x14) from [<c05d3994>] (dw_mci_setup_bus+0x1c/0x470)
<4>[    1.164369] [<c05d3994>] (dw_mci_setup_bus+0x1c/0x470) from [<c05d3f48>] (dw_mci_set_ios+0x160/0x214)
<4>[    1.164386] [<c05d3f48>] (dw_mci_set_ios+0x160/0x214) from [<c05c0948>] (mmc_set_chip_select+0x18/0x1c)
<4>[    1.164403] [<c05c0948>] (mmc_set_chip_select+0x18/0x1c) from [<c05c4e10>] (mmc_go_idle+0x94/0xc4)
<4>[    1.164419] [<c05c4e10>] (mmc_go_idle+0x94/0xc4) from [<c05c3d40>] (mmc_init_card+0x64/0x8d4)
<4>[    1.164436] [<c05c3d40>] (mmc_init_card+0x64/0x8d4) from [<c05c4848>] (mmc_attach_mmc+0xe4/0x178)
<4>[    1.164452] [<c05c4848>] (mmc_attach_mmc+0xe4/0x178) from [<c05c1000>] (mmc_rescan_try_freq+0xb8/0xd0)
<4>[    1.164467] [<c05c1000>] (mmc_rescan_try_freq+0xb8/0xd0) from [<c05c1864>] (mmc_rescan+0x204/0x298)
<4>[    1.164483] [<c05c1864>] (mmc_rescan+0x204/0x298) from [<c0050820>] (process_one_work+0x29c/0x458)
<4>[    1.164498] [<c0050820>] (process_one_work+0x29c/0x458) from [<c0050b70>] (worker_thread+0x194/0x2d4)
<4>[    1.164514] [<c0050b70>] (worker_thread+0x194/0x2d4) from [<c0056150>] (kthread+0xa0/0xac)
<4>[    1.164531] [<c0056150>] (kthread+0xa0/0xac) from [<c000da98>] (ret_from_fork+0x14/0x3c)
<4>[    1.176871] 1360..dw_mci_set_ios:  no card. [mmc1]
<4>[    1.178161] CPU: 0 PID: 6 Comm: kworker/u8:0 Not tainted 3.10.0 #205
<4>[    1.178206] Workqueue: kmmcd mmc_rescan
<4>[    1.178258] [<c0013ec4>] (unwind_backtrace+0x0/0xe0) from [<c001176c>] (show_stack+0x10/0x14)
<4>[    1.178302] [<c001176c>] (show_stack+0x10/0x14) from [<c05d3994>] (dw_mci_setup_bus+0x1c/0x470)
<4>[    1.178347] [<c05d3994>] (dw_mci_setup_bus+0x1c/0x470) from [<c05d3f48>] (dw_mci_set_ios+0x160/0x214)
<4>[    1.178389] [<c05d3f48>] (dw_mci_set_ios+0x160/0x214) from [<c05c0b74>] (mmc_set_bus_mode+0x18/0x1c)
<4>[    1.178455] [<c05c0b74>] (mmc_set_bus_mode+0x18/0x1c) from [<c05c3e34>] (mmc_init_card+0x158/0x8d4)
<4>[    1.178500] [<c05c3e34>] (mmc_init_card+0x158/0x8d4) from [<c05c4848>] (mmc_attach_mmc+0xe4/0x178)
<4>[    1.178548] [<c05c4848>] (mmc_attach_mmc+0xe4/0x178) from [<c05c1000>] (mmc_rescan_try_freq+0xb8/0xd0)
<4>[    1.178587] [<c05c1000>] (mmc_rescan_try_freq+0xb8/0xd0) from [<c05c1864>] (mmc_rescan+0x204/0x298)
<4>[    1.178626] [<c05c1864>] (mmc_rescan+0x204/0x298) from [<c0050820>] (process_one_work+0x29c/0x458)
<4>[    1.178664] [<c0050820>] (process_one_work+0x29c/0x458) from [<c0050b70>] (worker_thread+0x194/0x2d4)
<4>[    1.178705] [<c0050b70>] (worker_thread+0x194/0x2d4) from [<c0056150>] (kthread+0xa0/0xac)
<4>[    1.178770] [<c0056150>] (kthread+0xa0/0xac) from [<c000da98>] (ret_from_fork+0x14/0x3c)
<6>[    1.190221] mmc0: BKOPS_EN bit is not set
<4>[    1.192279] CPU: 0 PID: 6 Comm: kworker/u8:0 Not tainted 3.10.0 #205
<4>[    1.192313] Workqueue: kmmcd mmc_rescan
<4>[    1.192364] [<c0013ec4>] (unwind_backtrace+0x0/0xe0) from [<c001176c>] (show_stack+0x10/0x14)
<4>[    1.192408] [<c001176c>] (show_stack+0x10/0x14) from [<c05d3994>] (dw_mci_setup_bus+0x1c/0x470)
<4>[    1.192454] [<c05d3994>] (dw_mci_setup_bus+0x1c/0x470) from [<c05d3f48>] (dw_mci_set_ios+0x160/0x214)
<4>[    1.192495] [<c05d3f48>] (dw_mci_set_ios+0x160/0x214) from [<c05c0b90>] (mmc_set_bus_width+0x18/0x1c)
<4>[    1.192538] [<c05c0b90>] (mmc_set_bus_width+0x18/0x1c) from [<c05c3c70>] (mmc_select_hs200+0xc8/0x134)
<4>[    1.192581] [<c05c3c70>] (mmc_select_hs200+0xc8/0x134) from [<c05c4034>] (mmc_init_card+0x358/0x8d4)
<4>[    1.192622] [<c05c4034>] (mmc_init_card+0x358/0x8d4) from [<c05c4848>] (mmc_attach_mmc+0xe4/0x178)
<4>[    1.192662] [<c05c4848>] (mmc_attach_mmc+0xe4/0x178) from [<c05c1000>] (mmc_rescan_try_freq+0xb8/0xd0)
<4>[    1.192701] [<c05c1000>] (mmc_rescan_try_freq+0xb8/0xd0) from [<c05c1864>] (mmc_rescan+0x204/0x298)
<4>[    1.192739] [<c05c1864>] (mmc_rescan+0x204/0x298) from [<c0050820>] (process_one_work+0x29c/0x458)
<4>[    1.192776] [<c0050820>] (process_one_work+0x29c/0x458) from [<c0050b70>] (worker_thread+0x194/0x2d4)
<4>[    1.192817] [<c0050b70>] (worker_thread+0x194/0x2d4) from [<c0056150>] (kthread+0xa0/0xac)
<4>[    1.192860] [<c0056150>] (kthread+0xa0/0xac) from [<c000da98>] (ret_from_fork+0x14/0x3c)
<4>[    1.192886] rk_sdmmc: BOOT Bus speed=0Hz,Bus width=8bits.[mmc0]
<4>[    1.195269] CPU: 0 PID: 6 Comm: kworker/u8:0 Not tainted 3.10.0 #205
<4>[    1.195303] Workqueue: kmmcd mmc_rescan
<4>[    1.195382] [<c0013ec4>] (unwind_backtrace+0x0/0xe0) from [<c001176c>] (show_stack+0x10/0x14)
<4>[    1.195427] [<c001176c>] (show_stack+0x10/0x14) from [<c05d3994>] (dw_mci_setup_bus+0x1c/0x470)
<4>[    1.195471] [<c05d3994>] (dw_mci_setup_bus+0x1c/0x470) from [<c05d3f48>] (dw_mci_set_ios+0x160/0x214)
<4>[    1.195513] [<c05d3f48>] (dw_mci_set_ios+0x160/0x214) from [<c05c0c88>] (mmc_set_timing+0x18/0x1c)
<4>[    1.195554] [<c05c0c88>] (mmc_set_timing+0x18/0x1c) from [<c05c40e8>] (mmc_init_card+0x40c/0x8d4)
<4>[    1.195596] [<c05c40e8>] (mmc_init_card+0x40c/0x8d4) from [<c05c4848>] (mmc_attach_mmc+0xe4/0x178)
<4>[    1.195636] [<c05c4848>] (mmc_attach_mmc+0xe4/0x178) from [<c05c1000>] (mmc_rescan_try_freq+0xb8/0xd0)
<4>[    1.195675] [<c05c1000>] (mmc_rescan_try_freq+0xb8/0xd0) from [<c05c1864>] (mmc_rescan+0x204/0x298)
<4>[    1.195713] [<c05c1864>] (mmc_rescan+0x204/0x298) from [<c0050820>] (process_one_work+0x29c/0x458)
<4>[    1.195751] [<c0050820>] (process_one_work+0x29c/0x458) from [<c0050b70>] (worker_thread+0x194/0x2d4)
<4>[    1.195791] [<c0050b70>] (worker_thread+0x194/0x2d4) from [<c0056150>] (kthread+0xa0/0xac)
<4>[    1.195834] [<c0056150>] (kthread+0xa0/0xac) from [<c000da98>] (ret_from_fork+0x14/0x3c)
<4>[    1.195867] CPU: 0 PID: 6 Comm: kworker/u8:0 Not tainted 3.10.0 #205
<4>[    1.195894] Workqueue: kmmcd mmc_rescan
<4>[    1.195938] [<c0013ec4>] (unwind_backtrace+0x0/0xe0) from [<c001176c>] (show_stack+0x10/0x14)
<4>[    1.195980] [<c001176c>] (show_stack+0x10/0x14) from [<c05d3994>] (dw_mci_setup_bus+0x1c/0x470)
<4>[    1.196024] [<c05d3994>] (dw_mci_setup_bus+0x1c/0x470) from [<c05d3f48>] (dw_mci_set_ios+0x160/0x214)
<4>[    1.196064] [<c05d3f48>] (dw_mci_set_ios+0x160/0x214) from [<c05c0994>] (mmc_set_clock+0x48/0x50)
<4>[    1.196104] [<c05c0994>] (mmc_set_clock+0x48/0x50) from [<c05c411c>] (mmc_init_card+0x440/0x8d4)
<4>[    1.196145] [<c05c411c>] (mmc_init_card+0x440/0x8d4) from [<c05c4848>] (mmc_attach_mmc+0xe4/0x178)
<4>[    1.196186] [<c05c4848>] (mmc_attach_mmc+0xe4/0x178) from [<c05c1000>] (mmc_rescan_try_freq+0xb8/0xd0)
<4>[    1.196224] [<c05c1000>] (mmc_rescan_try_freq+0xb8/0xd0) from [<c05c1864>] (mmc_rescan+0x204/0x298)
<4>[    1.196262] [<c05c1864>] (mmc_rescan+0x204/0x298) from [<c0050820>] (process_one_work+0x29c/0x458)
<4>[    1.196300] [<c0050820>] (process_one_work+0x29c/0x458) from [<c0050b70>] (worker_thread+0x194/0x2d4)
<4>[    1.196339] [<c0050b70>] (worker_thread+0x194/0x2d4) from [<c0056150>] (kthread+0xa0/0xac)
<4>[    1.196382] [<c0056150>] (kthread+0xa0/0xac) from [<c000da98>] (ret_from_fork+0x14/0x3c)
<6>[    1.196423] mmc_host mmc0: Bus speed (slot 0) = 100000000Hz (slot req 100000000Hz, actual 100000000HZ div = 0)
<4>[    1.196486] rk_sdmmc: BOOT dw_mci_setup_bus: argue clk_mmc workaround out normal clock [mmc0]
<6>[    1.196614] [mmc0] tuning regsbase addr 0x218.
<6>[    1.196763] dwmmc_rockchip ff0c0000.rksdmmc: DW MMC controller at irq 64, 32 bit host data width, 256 deep fifo
<6>[    1.196798] dwmmc_rockchip ff0c0000.rksdmmc: 1 slots initialized
<4>[    1.197682] dw cru_regsbase addr 0x1d8.
<4>[    1.197709] dw cru_reset_offset val 1.
<6>[    1.197741] dwmmc_rockchip ff0d0000.rksdmmc: Version ID is 270a
<3>[    1.197813] dwmmc_rockchip ff0d0000.rksdmmc: failed to get hpclk_mmc
<3>[    1.197903] [mmc0] Data transmission error !!!!  MINTSTS: [0x00000088]
<3>[    1.197931] [mmc0] host was already tuning, Don't need to retry tune again ignore 0.
<3>[    1.198000] dwmmc_rockchip ff0f0000.rksdmmc: Tuning error: cmd.error:0, data.error:-84
<6>[    1.198367] dwmmc_rockchip ff0d0000.rksdmmc: Using internal DMA controller.
<4>[    1.198722] dw_mci_init_slot: fmin=200000, fmax=50000000 [mmc2]
<3>[    1.198746] dwmmc_rockchip ff0f0000.rksdmmc: Good phase range 0-169 (16 len)
<3>[    1.198775] dwmmc_rockchip ff0f0000.rksdmmc: Good phase range 192-282 (9 len)
<3>[    1.198799] dwmmc_rockchip ff0f0000.rksdmmc: Best phase range 0-169 (16 len)
<3>[    1.198822] dwmmc_rockchip ff0f0000.rksdmmc: Successfully tuned phase to 90
<7>[    1.198883] of_get_named_gpio_flags: can't parse gpios property
<6>[    1.198910] mmc0: new HS200 MMC card at address 0001
<4>[    1.199539] 1360..dw_mci_set_ios:  no card. [mmc2]
<6>[    1.199706] mmcblk0: mmc0:0001 8WPD3R 7.28 GiB 
<6>[    1.200111] mmcblk0rpmb: mmc0:0001 8WPD3R partition 3 512 KiB
<6>[    1.200980]      uboot: 0x000400000 -- 0x000800000 (4 MB)
<6>[    1.201014]       misc: 0x000800000 -- 0x000c00000 (4 MB)
<6>[    1.201043]   resource: 0x000c00000 -- 0x001c00000 (16 MB)
<6>[    1.201070]     kernel: 0x001c00000 -- 0x002c00000 (16 MB)
<6>[    1.201096]       boot: 0x002c00000 -- 0x004c00000 (32 MB)
<6>[    1.201122]   recovery: 0x004c00000 -- 0x006c00000 (32 MB)
<6>[    1.201146]     backup: 0x006c00000 -- 0x00a000000 (52 MB)
<6>[    1.201172]      cache: 0x00a000000 -- 0x012000000 (128 MB)
<6>[    1.201197]     kpanic: 0x012000000 -- 0x012400000 (4 MB)
<6>[    1.201223]     system: 0x012400000 -- 0x072400000 (1536 MB)
<6>[    1.201250]   metadata: 0x072400000 -- 0x073400000 (16 MB)
<6>[    1.201276] baseparamer: 0x073400000 -- 0x073800000 (4 MB)
<6>[    1.201302]   userdata: 0x077800000 -- 0x1d1c00000 (5540 MB)
<6>[    1.201390]  mmcblk0: p1 p2 p3 p4 p5 p6 p7 p8 p9 p10 p11 p12 p131360..dw_mci_set_ios:  no card. [mmc1]
<4>[    1.216305] 1360..dw_mci_set_ios:  no card. [mmc2]
<4>[    1.236022] 1360..dw_mci_set_ios:  no card. [mmc2]
<6>[    1.236064] dwmmc_rockchip ff0d0000.rksdmmc: DW MMC controller at irq 65, 32 bit host data width, 256 deep fifo
<6>[    1.236099] dwmmc_rockchip ff0d0000.rksdmmc: 1 slots initialized
<6>[    1.236893] hidraw: raw HID events driver (C) Jiri Kosina
<6>[    1.241879] usbcore: registered new interface driver usbhid
<6>[    1.241905] usbhid: USB HID core driver
<6>[    1.242212] ashmem: initialized
<6>[    1.242588] logger: created 256K log 'log_main'
<6>[    1.242924] logger: created 256K log 'log_events'
<6>[    1.243255] logger: created 256K log 'log_radio'
<6>[    1.243597] logger: created 256K log 'log_system'
<7>[    1.246466] of_get_named_gpio_flags exited with status 5
<7>[    1.246500] of_get_named_gpio_flags exited with status 5
<6>[    1.247163] input: rk29-keypad as /devices/ff100000.adc/key.36/input/input1
<7>[    1.249613] of_get_named_gpio_flags exited with status 178
<7>[    1.249643] of_get_named_gpio_flags: can't parse gpios property
<4>[    1.249973] es8323 probe i2c recv ok
<4>[    1.251214] RT5631 Audio Codec 0.01 alsa 1.0.26
<4>[    1.252082] RT5631 probe error
<4>[    1.252129] rt5631: probe of 2-001a failed with error -11
<4>[    1.253225] rt3261 && rt3224 probe error
<4>[    1.253267] rt3261: probe of 2-001c failed with error -11
<6>[    1.254772] rockchip-spdif ff8b0000.rockchip-spdif: spdif ready.
<3>[    1.255654] rockchip-rt5631 rockchip-rt5631.31: ASoC: CODEC (null) not registered
<4>[    1.255732] rockchip_rt5631_audio_probe() register card failed:-517
<6>[    1.255780] platform rockchip-rt5631.31: Driver rockchip-rt5631 requests probe deferral
<3>[    1.256526] rockchip-rt3261 rockchip-rt3224.33: ASoC: CODEC (null) not registered
<4>[    1.256623] rockchip_rt3261_audio_probe() register card failed:-517
<6>[    1.256670] platform rockchip-rt3224.33: Driver rockchip-rt3261 requests probe deferral
<4>[    1.258239] es8323_probe
<4>[    1.896591] ES8323 2-0010: ASoC: no dapm match for LINPUT1 --> NULL --> Left Line Mux
<3>[    1.896695] ES8323 2-0010: ASoC: Failed to add route LINPUT1 -> NULL -> Left Line Mux
<4>[    1.896795] ES8323 2-0010: ASoC: no dapm match for LINPUT2 --> NULL --> Left Line Mux
<3>[    1.896869] ES8323 2-0010: ASoC: Failed to add route LINPUT2 -> NULL -> Left Line Mux
<4>[    1.896960] ES8323 2-0010: ASoC: no dapm match for Left PGA Mux --> NULL --> Left Line Mux
<3>[    1.897033] ES8323 2-0010: ASoC: Failed to add route Left PGA Mux -> NULL -> Left Line Mux
<4>[    1.897127] ES8323 2-0010: ASoC: no dapm match for RINPUT1 --> NULL --> Right Line Mux
<3>[    1.897199] ES8323 2-0010: ASoC: Failed to add route RINPUT1 -> NULL -> Right Line Mux
<4>[    1.897355] ES8323 2-0010: ASoC: no dapm match for RINPUT2 --> NULL --> Right Line Mux
<3>[    1.897433] ES8323 2-0010: ASoC: Failed to add route RINPUT2 -> NULL -> Right Line Mux
<4>[    1.897523] ES8323 2-0010: ASoC: no dapm match for Right PGA Mux --> NULL --> Right Line Mux
<3>[    1.897596] ES8323 2-0010: ASoC: Failed to add route Right PGA Mux -> NULL -> Right Line Mux
<4>[    1.897690] ES8323 2-0010: ASoC: no dapm match for LINPUT1 --> LAMP --> Left PGA Mux
<3>[    1.897762] ES8323 2-0010: ASoC: Failed to add route LINPUT1 -> LAMP -> Left PGA Mux
<4>[    1.897850] ES8323 2-0010: ASoC: no dapm match for LINPUT2 --> LAMP --> Left PGA Mux
<3>[    1.897921] ES8323 2-0010: ASoC: Failed to add route LINPUT2 -> LAMP -> Left PGA Mux
<4>[    1.898009] ES8323 2-0010: ASoC: no dapm match for Differential Mux --> LAMP --> Left PGA Mux
<3>[    1.898083] ES8323 2-0010: ASoC: Failed to add route Differential Mux -> LAMP -> Left PGA Mux
<4>[    1.898175] ES8323 2-0010: ASoC: no dapm match for RINPUT1 --> RAMP --> Right PGA Mux
<3>[    1.898248] ES8323 2-0010: ASoC: Failed to add route RINPUT1 -> RAMP -> Right PGA Mux
<4>[    1.898337] ES8323 2-0010: ASoC: no dapm match for RINPUT2 --> RAMP --> Right PGA Mux
<3>[    1.898464] ES8323 2-0010: ASoC: Failed to add route RINPUT2 -> RAMP -> Right PGA Mux
<4>[    1.898561] ES8323 2-0010: ASoC: no dapm match for Differential Mux --> RAMP --> Right PGA Mux
<3>[    1.898636] ES8323 2-0010: ASoC: Failed to add route Differential Mux -> RAMP -> Right PGA Mux
<4>[    1.898724] ES8323 2-0010: ASoC: no dapm match for LINPUT1 --> LAMP --> Differential Mux
<3>[    1.898798] ES8323 2-0010: ASoC: Failed to add route LINPUT1 -> LAMP -> Differential Mux
<4>[    1.898888] ES8323 2-0010: ASoC: no dapm match for RINPUT1 --> RAMP --> Differential Mux
<3>[    1.898960] ES8323 2-0010: ASoC: Failed to add route RINPUT1 -> RAMP -> Differential Mux
<4>[    1.899045] ES8323 2-0010: ASoC: no dapm match for LINPUT2 --> LAMP --> Differential Mux
<3>[    1.899117] ES8323 2-0010: ASoC: Failed to add route LINPUT2 -> LAMP -> Differential Mux
<4>[    1.899206] ES8323 2-0010: ASoC: no dapm match for RINPUT2 --> RAMP --> Differential Mux
<3>[    1.899278] ES8323 2-0010: ASoC: Failed to add route RINPUT2 -> RAMP -> Differential Mux
<4>[    1.899539] ES8323 2-0010: ASoC: no dapm match for LINPUT1 --> LAMP --> Left Line Mux
<3>[    1.899617] ES8323 2-0010: ASoC: Failed to add route LINPUT1 -> LAMP -> Left Line Mux
<4>[    1.899706] ES8323 2-0010: ASoC: no dapm match for LINPUT2 --> LAMP --> Left Line Mux
<3>[    1.899778] ES8323 2-0010: ASoC: Failed to add route LINPUT2 -> LAMP -> Left Line Mux
<4>[    1.899865] ES8323 2-0010: ASoC: no dapm match for Left PGA Mux --> LAMP --> Left Line Mux
<3>[    1.899936] ES8323 2-0010: ASoC: Failed to add route Left PGA Mux -> LAMP -> Left Line Mux
<4>[    1.900026] ES8323 2-0010: ASoC: no dapm match for RINPUT1 --> RAMP --> Right Line Mux
<3>[    1.900098] ES8323 2-0010: ASoC: Failed to add route RINPUT1 -> RAMP -> Right Line Mux
<4>[    1.900186] ES8323 2-0010: ASoC: no dapm match for RINPUT2 --> RAMP --> Right Line Mux
<3>[    1.900258] ES8323 2-0010: ASoC: Failed to add route RINPUT2 -> RAMP -> Right Line Mux
<4>[    1.900346] ES8323 2-0010: ASoC: no dapm match for Right PGA Mux --> RAMP --> Right Line Mux
<3>[    1.900418] ES8323 2-0010: ASoC: Failed to add route Right PGA Mux -> RAMP -> Right Line Mux
<3>[    1.901738] ES8323 2-0010: ASoC: mux Right Line Mux has no paths
<3>[    1.901853] ES8323 2-0010: ASoC: mux Left Line Mux has no paths
<3>[    1.901954] ES8323 2-0010: ASoC: mux Right PGA Mux has no paths
<3>[    1.902054] ES8323 2-0010: ASoC: mux Left PGA Mux has no paths
<3>[    1.902324] ES8323 2-0010: ASoC: mux Differential Mux has no paths
<6>[    1.934138] rockchip-es8323 rockchip-es8323.32:  ES8323 HiFi <-> ff890000.rockchip-i2s mapping ok
<6>[    1.939296] rockchip-hdmi-i2s rockchip-hdmi-i2s.29:  rk-hdmi-i2s-hifi <-> ff890000.rockchip-i2s mapping ok
<6>[    1.940073] u32 classifier
<6>[    1.940087]     Actions configured
<6>[    1.940107] Netfilter messages via NETLINK v0.30.
<6>[    1.940192] nf_conntrack version 0.5.0 (16384 buckets, 65536 max)
<6>[    1.940760] ctnetlink v0.93: registering with nfnetlink.
<6>[    1.940852] NF_TPROXY: Transparent proxy support initialized, version 4.1.0
<6>[    1.940864] NF_TPROXY: Copyright (c) 2006-2007 BalaBit IT Ltd.
<6>[    1.941289] xt_time: kernel timezone is -0000
<6>[    1.941659] ip_tables: (C) 2000-2006 Netfilter Core Team
<6>[    1.941893] arp_tables: (C) 2002 David S. Miller
<6>[    1.941959] TCP: cubic registered
<6>[    1.941971] Initializing XFRM netlink socket
<6>[    1.942371] NET: Registered protocol family 10
<6>[    1.943299] mip6: Mobile IPv6
<6>[    1.943348] ip6_tables: (C) 2000-2006 Netfilter Core Team
<6>[    1.943547] sit: IPv6 over IPv4 tunneling driver
<6>[    1.944125] NET: Registered protocol family 17
<6>[    1.944167] NET: Registered protocol family 15
<5>[    1.944258] Bridge firewalling registered
<6>[    1.944277] Ebtables v2.0 registered
<6>[    1.944549] Bluetooth: RFCOMM TTY layer initialized
<6>[    1.944589] Bluetooth: RFCOMM socket layer initialized
<6>[    1.944603] Bluetooth: RFCOMM ver 1.11
<6>[    1.944616] Bluetooth: BNEP (Ethernet Emulation) ver 1.3
<6>[    1.944628] Bluetooth: BNEP filters: protocol multicast
<6>[    1.944647] Bluetooth: BNEP socket layer initialized
<6>[    1.944660] Bluetooth: HIDP (Human Interface Emulation) ver 1.2
<6>[    1.944678] Bluetooth: HIDP socket layer initialized
<6>[    1.944723] l2tp_core: L2TP core driver, V2.0
<6>[    1.944747] l2tp_ppp: PPPoL2TP kernel driver, V2.0
<6>[    1.944759] [WLAN_RFKILL]: Enter rfkill_wlan_init
<6>[    1.945058] [WLAN_RFKILL]: Enter rfkill_wlan_probe
<6>[    1.945075] [WLAN_RFKILL]: can't find rockchip,grf property
<6>[    1.945089] [WLAN_RFKILL]: wlan_platdata_parse_dt: wifi_chip_type = ap6212
<6>[    1.945103] [WLAN_RFKILL]: wlan_platdata_parse_dt: enable wifi power control.
<6>[    1.945116] [WLAN_RFKILL]: wlan_platdata_parse_dt: disable wifi io reference voltage control.
<6>[    1.945130] [WLAN_RFKILL]: wlan_platdata_parse_dt: wifi power controled by gpio.
<7>[    1.945154] of_get_named_gpio_flags exited with status 156
<6>[    1.945168] [WLAN_RFKILL]: wlan_platdata_parse_dt: get property: WIFI,poweren_gpio = 156, flags = 0.
<7>[    1.945180] of_get_named_gpio_flags: can't parse gpios property
<7>[    1.945194] of_get_named_gpio_flags exited with status 158
<6>[    1.945207] [WLAN_RFKILL]: wlan_platdata_parse_dt: get property: WIFI,host_wake_irq = 158, flags = 0.
<6>[    1.945219] [WLAN_RFKILL]: rfkill_wlan_probe: init gpio
<6>[    1.945257] [WLAN_RFKILL]: rockchip_wifi_voltage_select: wifi & sdio reference voltage: 1.8V
<6>[    1.945270] [WLAN_RFKILL]: Exit rfkill_wlan_probe
<6>[    1.945347] [BT_RFKILL]: Enter rfkill_rk_init
<7>[    1.945580] of_get_named_gpio_flags exited with status 147
<6>[    1.945595] [BT_RFKILL]: bluetooth_platdata_parse_dt: get property: uart_rts_gpios = 147.
<7>[    1.945612] of_get_named_gpio_flags exited with status 155
<6>[    1.945626] [BT_RFKILL]: bluetooth_platdata_parse_dt: get property: BT,power_gpio = 155.
<7>[    1.945639] of_get_named_gpio_flags exited with status 157
<6>[    1.945651] [BT_RFKILL]: bluetooth_platdata_parse_dt: get property: BT,reset_gpio = 157.
<7>[    1.945665] of_get_named_gpio_flags exited with status 154
<6>[    1.945677] [BT_RFKILL]: bluetooth_platdata_parse_dt: get property: BT,wake_gpio = 154.
<7>[    1.945691] of_get_named_gpio_flags exited with status 159
<6>[    1.945703] [BT_RFKILL]: bluetooth_platdata_parse_dt: get property: BT,wake_host_irq = 159.
<6>[    1.945785] [BT_RFKILL]: Request irq for bt wakeup host
<6>[    1.945923] [BT_RFKILL]: ** disable irq
<6>[    1.946061] [BT_RFKILL]: ap6335 device registered.
<3>[    1.946440] rk_cam_cif(3053):rk312x-camera version: v0.2.0  Zoom by ipp
<3>[    1.947046] rockchip-pinctrl ff770000.pinctrl: pin gpio2-11 already requested by ff910000.isp; cannot claim for ff950000.cif
<3>[    1.947067] rockchip-pinctrl ff770000.pinctrl: pin-75 (ff950000.cif) status -22
<3>[    1.947084] rockchip-pinctrl ff770000.pinctrl: could not request pin 75 on device rockchip-pinctrl
<3>[    1.947101] rk_cif ff950000.cif: Error applying setting, reverse things back
<3>[    1.947116] rk_cif ff950000.cif: rk_camera_cif_iomux:could not set cif_pin_all pins
<7>[    1.947138] of_get_named_gpio_flags exited with status 17
<7>[    1.947172] of_get_named_gpio_flags exited with status 76
<6>[    1.947422] soc-camera-pdrv gc0329_back_3: Probing gc0329_back_3
<4>[    1.947753] rk3288_init_suspend
<4>[    1.947772] rk3288_suspend_init enter
<4>[    1.947954] rk3288_suspend_init: pm_ctrbits =200007
<4>[    1.948013] gpio_get_dts_info suspend:4
<4>[    1.948026] gpio_get_dts_info resume:4
<4>[    1.948037] rockchip,pmic-suspend_gpios:14007a10 0 0 0 0 0 0 0 0 0 0 0 0 0 0 0 0 0 0 0 
<4>[    1.948089] rockchip,pmic-resume_gpios:2007a11 0 0 0 0 0 0 0 0 0 0 0 0 0 0 0 0 0 0 0 
<4>[    1.948374] clks_gating_suspend_init:clkgt info ok
<5>[    1.948535] Registering SWP/SWPB emulation handler
<6>[    1.949140] ddrfreq: verion 1.2 20140526
<6>[    1.949161] ddrfreq: normal 396MHz video_1080p 240MHz video_4k 396MHz dualview 396MHz idle 0MHz suspend 200MHz reboot 396MHz
<6>[    1.949173] ddrfreq: auto-freq=1
<6>[    1.949185] ddrfreq: auto-freq-table[0] 240MHz
<6>[    1.949196] ddrfreq: auto-freq-table[1] 324MHz
<6>[    1.949207] ddrfreq: auto-freq-table[2] 396MHz
<6>[    1.949217] ddrfreq: auto-freq-table[3] 528MHz
<6>[    1.961117] regulator-dummy: disabling
<3>[    1.961788] rockchip-rt5631 rockchip-rt5631.31: ASoC: CODEC (null) not registered
<4>[    1.961838] rockchip_rt5631_audio_probe() register card failed:-517
<6>[    1.961868] platform rockchip-rt5631.31: Driver rockchip-rt5631 requests probe deferral
<3>[    1.962302] rockchip-rt3261 rockchip-rt3224.33: ASoC: CODEC (null) not registered
<4>[    1.962337] rockchip_rt3261_audio_probe() register card failed:-517
<6>[    1.962362] platform rockchip-rt3224.33: Driver rockchip-rt3261 requests probe deferral
<4>[    1.962427] =======================================================
<4>[    1.962441] ==== Launching Wi-Fi driver! (Powered by Rockchip) ====
<4>[    1.962451] =======================================================
<4>[    1.962462]  WiFi driver (Powered by Rockchip,Ver 5.10.WFD.OOB.64bit) init.
<4>[    1.962583] dhd_module_init: in
<4>[    1.962601] ======== bcm_wlan_set_plat_data ========
<6>[    1.962614] [WLAN_RFKILL]: rockchip_wifi_get_oob_irq: Enter
<4>[    1.962658] host_oob_irq: 196 

<4>[    1.962670] host_oob_irq_flags=4
<4>[    1.962679] dhd_wifi_platform_load: Enter
<4>[    1.962707] Power-up adapter 'DHD generic adapter'
<4>[    1.962716] pcd_pullup, is_on 0
<4>[    1.962770] wifi_platform_set_power = 1
<4>[    1.962783] ======== PULL WL_REG_ON HIGH! ========
<6>[    1.962794] file system registered
<6>[    1.962802] [WLAN_RFKILL]: rockchip_wifi_power: 1
<6>[    1.962813] [WLAN_RFKILL]: rockchip_wifi_ref_voltage: 1
<6>[    1.962823] [WLAN_RFKILL]: rockchip_wifi_ref_voltage: wifi io reference voltage control is disabled.
<4>[    1.964089] ret: 0
<6>[    1.964160] android_usb gadget: Mass Storage Function, version: 2009/09/11
<6>[    1.964178] android_usb gadget: Number of LUNs=2
<6>[    1.964195]  lun0: LUN: removable file: (no medium)
<6>[    1.964208]  lun1: LUN: removable file: (no medium)
<6>[    1.964565] android_usb gadget: android_usb ready
<6>[    1.964786] sensor_init: Probe name sensors
<4>[    1.964818] sensor-dev.c v1.4 add angle calculation support between two gsensors 2013-09-01
<6>[    1.965416] rtc_hym8563 0-0051: setting system clock to 2017-10-16 12:07:43 UTC (1508155663)
<7>[    1.976734] of_get_named_gpio_flags exited with status 179
<7>[    1.976775] of_get_named_gpio_flags: can't parse gpios property
<4>[    1.976798] rockchip_headset_probe() have not set adc chan
<4>[    1.976810] rockchip_headset_probe() headset have no hook mode
<6>[    1.977110] input: rockchip_headset.35 as /devices/ff100000.adc/rockchip_headset.35/input/input2
<3>[    1.978052] rockchip-rt5631 rockchip-rt5631.31: ASoC: CODEC (null) not registered
<4>[    1.978100] rockchip_rt5631_audio_probe() register card failed:-517
<6>[    1.978127] platform rockchip-rt5631.31: Driver rockchip-rt5631 requests probe deferral
<4>[    1.978476] ret 1024
<3>[    1.978601] rockchip-rt3261 rockchip-rt3224.33: ASoC: CODEC (null) not registered
<4>[    1.978634] rockchip_rt3261_audio_probe() register card failed:-517
<6>[    1.978659] platform rockchip-rt3224.33: Driver rockchip-rt3261 requests probe deferral
<6>[    1.979336] usbcore: registered new interface driver snd-usb-audio
<6>[    1.979352] ALSA device list:
<6>[    1.979364]   #0: RK_ES8323
<6>[    1.979375]   #1: RK-HDMI-I2S
<3>[    1.979494] Warning: unable to open an initial console.
<6>[    1.979885] Freeing unused kernel memory: 356K (c0bc2000 - c0c1b000)
<7>[    1.986827] SELinux: 2048 avtab hash slots, 5368 rules.
<7>[    1.988779] SELinux: 2048 avtab hash slots, 5368 rules.
<7>[    1.988802] SELinux:  1 users, 2 roles, 442 types, 0 bools, 1 sens, 1024 cats
<7>[    1.988810] SELinux:  86 classes, 5368 rules
<7>[    1.989874] SELinux:  Completing initialization.
<7>[    1.989882] SELinux:  Setting up existing superblocks.
<7>[    1.989904] SELinux: initialized (dev sysfs, type sysfs), uses genfs_contexts
<7>[    1.989926] SELinux: initialized (dev rootfs, type rootfs), uses genfs_contexts
<7>[    1.990001] SELinux: initialized (dev bdev, type bdev), not configured for labeling
<7>[    1.990014] SELinux: initialized (dev proc, type proc), uses genfs_contexts
<7>[    1.990031] SELinux: initialized (dev tmpfs, type tmpfs), uses transition SIDs
<7>[    1.990050] SELinux: initialized (dev devtmpfs, type devtmpfs), uses transition SIDs
<7>[    1.990260] SELinux: initialized (dev debugfs, type debugfs), uses genfs_contexts
<7>[    2.003593] SELinux: initialized (dev sockfs, type sockfs), uses task SIDs
<7>[    2.003616] SELinux: initialized (dev pipefs, type pipefs), uses task SIDs
<7>[    2.003628] SELinux: initialized (dev anon_inodefs, type anon_inodefs), not configured for labeling
<7>[    2.003641] SELinux: initialized (dev devpts, type devpts), uses transition SIDs
<7>[    2.003664] SELinux: initialized (dev selinuxfs, type selinuxfs), uses genfs_contexts
<7>[    2.003726] SELinux: initialized (dev configfs, type configfs), not configured for labeling
<7>[    2.003737] SELinux: initialized (dev tmpfs, type tmpfs), uses transition SIDs
<7>[    2.003762] SELinux: initialized (dev sysfs, type sysfs), uses genfs_contexts
<6>[    2.003835] i2c i2c-3: Name: gc0329, addr: 0x31
<4>[    2.004042] min_w = 640,min_h = 480 ,max_real_w = 640,max_real_h = 480,max_w = 640,max_h =480
<3>[    2.024040] gc0329_back_3(rk_cam_sensor:167): write reg(0xfc, val:0x16) failed, try to write again!
<3>[    2.024953] gc0329_back_3(rk_cam_sensor:167): write reg(0xfc, val:0x16) failed, try to write again!
<3>[    2.025863] gc0329_back_3(rk_cam_sensor:167): write reg(0xfc, val:0x16) failed, try to write again!
<3>[    2.053889] gc0329_back_3(rk_cam_sensor:333): read reg(0x0 val:0x0) failed, try to read again!
<3>[    2.053910] gc0329(917): gc0329 read chip id high byte failed
<3>[    2.053910] 
<3>[    2.053918] gc0329(924): error: gc0329 mismatched   pid = 0x0
<3>[    2.053918] 
<3>[    2.053927] gc0329_back_3(rk_cam_sensor:716): error: mismatched   pid = 0x0
<3>[    2.053927] 
<4>[    2.054061] ret: 0
<5>[    2.056557] type=1403 audit(1508155663.580:2): policy loaded auid=4294967295 ses=4294967295
<6>[    2.062476] [WLAN_RFKILL]: wifi turn on power. 156
<11>[    2.082494] init: /init.rk30board.rc: 181: ignored duplicate definition of service 'daemonsu'
<3>[    2.082718] rockchip-rt5631 rockchip-rt5631.31: ASoC: CODEC (null) not registered
<4>[    2.082748] rockchip_rt5631_audio_probe() register card failed:-517
<6>[    2.082763] platform rockchip-rt5631.31: Driver rockchip-rt5631 requests probe deferral
<3>[    2.083054] rockchip-rt3261 rockchip-rt3224.33: ASoC: CODEC (null) not registered
<4>[    2.083073] rockchip_rt3261_audio_probe() register card failed:-517
<6>[    2.083086] platform rockchip-rt3224.33: Driver rockchip-rt3261 requests probe deferral
<11>[    2.085351] init: invalid gid 'trace'
<11>[    2.193887] init: /dev/hw_random not found
<6>[    2.193957] keychord: using input dev rk29-keypad for fevent
<7>[    2.194579] SELinux: initialized (dev cgroup, type cgroup), uses genfs_contexts
<7>[    2.194881] SELinux: initialized (dev tmpfs, type tmpfs), uses transition SIDs
<7>[    2.195189] SELinux: initialized (dev cgroup, type cgroup), uses genfs_contexts
<7>[    2.196561] SELinux: initialized (dev tmpfs, type tmpfs), uses transition SIDs
<7>[    2.196744] SELinux: initialized (dev tmpfs, type tmpfs), uses transition SIDs
<7>[    2.198128] SELinux: initialized (dev cgroup, type cgroup), uses genfs_contexts
<11>[    2.199476] init: /dev/hw_random not found
<14>[    2.200582] fs_mgr: Running /sbin/resize2fs on /dev/block/platform/ff0f0000.rksdmmc/by-name/system
<14>[    2.201555] resize2fs: resize2fs 1.42.9 (28-Dec-2013)resize2fs: The filesystem is already 393216 blocks long.  Nothing to do!resize2fs: 
<4>[    2.204263] EXT4-fs (mmcblk0p10): Ignoring removed nomblk_io_submit option
<6>[    2.209278] EXT4-fs (mmcblk0p10): mounted filesystem with ordered data mode. Opts: nomblk_io_submit,errors=remount-ro
<7>[    2.209305] SELinux: initialized (dev mmcblk0p10, type ext4), uses xattr
<14>[    2.209387] fs_mgr: check_fs(): mount(/dev/block/platform/ff0f0000.rksdmmc/by-name/system,/system,ext4)=0
<14>[    2.210246] fs_mgr: Running /sbin/e2fsck on /dev/block/platform/ff0f0000.rksdmmc/by-name/system
<14>[    2.215595] e2fsck: e2fsck 1.42.9 (28-Dec-2013)
<14>[    2.215641] e2fsck: system: clean, 1870/84864 files, 109970/393216 blocks
<6>[    2.219541] EXT4-fs (mmcblk0p10): mounted filesystem with ordered data mode. Opts: noauto_da_alloc
<7>[    2.219562] SELinux: initialized (dev mmcblk0p10, type ext4), uses xattr
<14>[    2.219618] fs_mgr: __mount(source=/dev/block/platform/ff0f0000.rksdmmc/by-name/system,target=/system,type=ext4)=0
<6>[    2.223851] EXT4-fs (mmcblk0p8): mounted filesystem with ordered data mode. Opts: noauto_da_alloc,discard
<7>[    2.223872] SELinux: initialized (dev mmcblk0p8, type ext4), uses xattr
<14>[    2.223927] fs_mgr: __mount(source=/dev/block/platform/ff0f0000.rksdmmc/by-name/cache,target=/cache,type=ext4)=0
<4>[    2.224257] EXT4-fs (mmcblk0p11): Ignoring removed nomblk_io_submit option
<6>[    2.227947] EXT4-fs (mmcblk0p11): mounted filesystem with ordered data mode. Opts: nomblk_io_submit,errors=remount-ro
<7>[    2.227961] SELinux: initialized (dev mmcblk0p11, type ext4), uses xattr
<14>[    2.228005] fs_mgr: check_fs(): mount(/dev/block/platform/ff0f0000.rksdmmc/by-name/metadata,/metadata,ext4)=0
<14>[    2.228753] fs_mgr: Running /sbin/e2fsck on /dev/block/platform/ff0f0000.rksdmmc/by-name/metadata
<14>[    2.233631] e2fsck: e2fsck 1.42.9 (28-Dec-2013)
<14>[    2.233663] e2fsck: /dev/block/platform/ff0f0000.rksdmmc/by-name/metadata: clean, 11/1024 files, 1102/4096 blocks
<6>[    2.237813] EXT4-fs (mmcblk0p11): mounted filesystem with ordered data mode. Opts: noauto_da_alloc,discard
<7>[    2.237835] SELinux: initialized (dev mmcblk0p11, type ext4), uses xattr
<14>[    2.237892] fs_mgr: __mount(source=/dev/block/platform/ff0f0000.rksdmmc/by-name/metadata,target=/metadata,type=ext4)=0
<14>[    2.237934] fs_mgr: Running /system/bin/fsck.f2fs -f /dev/block/platform/ff0f0000.rksdmmc/by-name/userdata
<14>[    2.239002] fsck.f2fs: executing /system/bin/fsck.f2fs failed: No such file or directory
<14>[    2.239035] fsck.f2fs: fsck.f2fs terminated by exit(255)
<14>[    2.239316] fs_mgr: __mount(source=/dev/block/platform/ff0f0000.rksdmmc/by-name/userdata,target=/data,type=f2fs)=-1
<4>[    2.239752] EXT4-fs (mmcblk0p13): Ignoring removed nomblk_io_submit option
<6>[    2.243653] EXT4-fs (mmcblk0p13): mounted filesystem with ordered data mode. Opts: nomblk_io_submit,errors=remount-ro
<7>[    2.243672] SELinux: initialized (dev mmcblk0p13, type ext4), uses xattr
<14>[    2.243721] fs_mgr: check_fs(): mount(/dev/block/platform/ff0f0000.rksdmmc/by-name/userdata,/data,ext4)=0
<14>[    2.244507] fs_mgr: Running /sbin/e2fsck on /dev/block/platform/ff0f0000.rksdmmc/by-name/userdata
<14>[    2.253087] e2fsck: e2fsck 1.42.9 (28-Dec-2013)
<14>[    2.253119] e2fsck: /dev/block/platform/ff0f0000.rksdmmc/by-name/userdata: clean, 11/354816 files, 47251/1418240 blocks
<6>[    2.257420] EXT4-fs (mmcblk0p13): mounted filesystem with ordered data mode. Opts: noauto_da_alloc,discard,errors=panic
<7>[    2.257443] SELinux: initialized (dev mmcblk0p13, type ext4), uses xattr
<14>[    2.257491] fs_mgr: __mount(source=/dev/block/platform/ff0f0000.rksdmmc/by-name/userdata,target=/data,type=ext4)=0
<11>[    2.257505] fs_mgr: mount_with_alternatives(): Mounted /dev/block/platform/ff0f0000.rksdmmc/by-name/userdata on /data with fs_type=ext4 instead of f2fs
<7>[    2.258279] SELinux: initialized (dev functionfs, type functionfs), uses genfs_contexts
<4>[    2.269151] wifi_platform_bus_enumerate device present 1
<4>[    2.269162] ======== Card detection to detect SDIO card! ========
<6>[    2.269169] mmc2:mmc host rescan start!
<6>[    2.278848] arm_release_ver of this mali_ko is 'r6p0-02rel0', rk_ko_ver is '13', built at '09:15:10', on 'Oct 22 2015'.
<6>[    2.278994] mali ffa30000.gpu: Continuing without Mali clock control
<4>[    2.279037] mali pd enabled
<4>[    2.279047] clk enabled
<4>[    2.280417] MALI_DVFS_STEP = 5, div_dvfs = 7 
<6>[    2.280427] mali_dvfs_infotbl[0].clock=99000,min_threshold=0,max_threshold=70
<6>[    2.280434] mali_dvfs_infotbl[1].clock=198000,min_threshold=65,max_threshold=77
<6>[    2.280440] mali_dvfs_infotbl[2].clock=297000,min_threshold=75,max_threshold=84
<6>[    2.280446] mali_dvfs_infotbl[3].clock=417000,min_threshold=82,max_threshold=91
<6>[    2.280452] mali_dvfs_infotbl[4].clock=480000,min_threshold=94,max_threshold=100
<6>[    2.280570] gpufreq_input_connect
<3>[    2.280580] turn on mali power
<6>[    2.280588] kbase_platform_rk_init,register_reboot_notifier
<4>[    2.280631] hrtimer: interrupt took 12833 ns
<6>[    2.280751] mali ffa30000.gpu: GPU identified as 0x0750 r0p0 status 1
<6>[    2.281624] mali ffa30000.gpu: Probed as mali0
<3>[    2.282146] rockchip-rt5631 rockchip-rt5631.31: ASoC: CODEC (null) not registered
<4>[    2.282174] rockchip_rt5631_audio_probe() register card failed:-517
<6>[    2.282191] platform rockchip-rt5631.31: Driver rockchip-rt5631 requests probe deferral
<3>[    2.282520] rockchip-rt3261 rockchip-rt3224.33: ASoC: CODEC (null) not registered
<4>[    2.282540] rockchip_rt3261_audio_probe() register card failed:-517
<6>[    2.282552] platform rockchip-rt3224.33: Driver rockchip-rt3261 requests probe deferral
<3>[    2.283029] rk29_ipp: version magic '3.0.8+ SMP preempt mod_unload ARMv7 ' should be '3.10.0 SMP preempt mod_unload ARMv7 p2v8 '
<3>[    2.283762] rk29_ipp: version magic '3.0.36+ SMP preempt mod_unload ARMv7 ' should be '3.10.0 SMP preempt mod_unload ARMv7 p2v8 '
<3>[    2.284395] rk29_ipp: version magic '3.0.101+ SMP preempt mod_unload ARMv7 ' should be '3.10.0 SMP preempt mod_unload ARMv7 p2v8 '
<6>[    2.285347] zram0: detected capacity change from 0 to 533413888
<6>[    2.335911] Adding 520908k swap on /dev/block/zram0.  Priority:-1 extents:1 across:520908k SS
<3>[    2.412345] EXT4-fs (mmcblk0p13): Unrecognized mount option "background_gc=on" or missing value
<4>[    2.418746] drmboot: module license 'unspecified' taints kernel.
<4>[    2.418760] Disabling lock debugging due to kernel taint
<4>[    2.419055] drm init, 20140910
<4>[    2.419661] drm init ok
<14>[    2.421586] bat_cap: oldcap path is /sys/devices/ff100000.adc
<11>[    2.421646] bat_cap: oldcap_path no exist
<6>[    2.421868] binder: 164:164 transaction failed 29189, size 0-0
<11>[    2.422571] init: Warning!  Service displayd needs a SELinux domain defined; please fix!
<11>[    2.427437] init: property 'ro.serialno' doesn't exist while expanding '${ro.serialno}'
<11>[    2.427457] init: cannot expand '${ro.serialno}' while writing to '/sys/class/android_usb/android0/iSerial'
<11>[    2.427672] init: using deprecated syntax for specifying property 'ro.product.usbfactory', use ${name} instead
<6>[    2.428463] rtk_btusb: btchr_open: BT usb char device is opening
<3>[    2.428473] rtk_btusb: btchr_open: Failed to get hci dev[NULL]
<6>[    2.428488] rtk_btusb: btchr_open: BT usb char device is opening
<3>[    2.428493] rtk_btusb: btchr_open: Failed to get hci dev[NULL]
<6>[    2.428511] rtk_btusb: btchr_open: BT usb char device is opening
<3>[    2.428516] rtk_btusb: btchr_open: Failed to get hci dev[NULL]
<6>[    2.428526] rtk_btusb: btchr_open: BT usb char device is opening
<3>[    2.428531] rtk_btusb: btchr_open: Failed to get hci dev[NULL]
<11>[    2.436145] init: cannot find '/system/bin/debuggerd64', disabling 'debuggerd64'
<11>[    2.438076] init: cannot find '/system/bin/install-recovery.sh', disabling 'flash_recovery'
<11>[    2.442405] init: Warning!  Service daemonsu needs a SELinux domain defined; please fix!
<11>[    2.442736] init: cannot find '/system/bin/bplus_helper', disabling 'bplus_helper'
<11>[    2.442932] init: Warning!  Service drmservice needs a SELinux domain defined; please fix!
<11>[    2.443201] init: cannot find '/system/bin/akmd', disabling 'akmd'
<3>[    2.444409] android_usb: already disabled
<6>[    2.446925] read descriptors
<6>[    2.446941] read strings
<6>[    2.446961] mtp_bind_config
<4>[    2.446991] pcd_pullup, is_on 1
<6>[    2.451297] vendor storage:20160801 ret = 0
<4>[    2.465953] CPU: 1 PID: 6 Comm: kworker/u8:0 Tainted: P             3.10.0 #205
<4>[    2.465980] Workqueue: kmmcd mmc_rescan
<4>[    2.466016] [<c0013ec4>] (unwind_backtrace+0x0/0xe0) from [<c001176c>] (show_stack+0x10/0x14)
<4>[    2.466038] [<c001176c>] (show_stack+0x10/0x14) from [<c05d3994>] (dw_mci_setup_bus+0x1c/0x470)
<4>[    2.466054] [<c05d3994>] (dw_mci_setup_bus+0x1c/0x470) from [<c05d3f48>] (dw_mci_set_ios+0x160/0x214)
<4>[    2.466065] [<c05d3f48>] (dw_mci_set_ios+0x160/0x214) from [<c05c0c30>] (mmc_power_up.part.16+0x60/0xa0)
<4>[    2.466075] [<c05c0c30>] (mmc_power_up.part.16+0x60/0xa0) from [<c05c0f5c>] (mmc_rescan_try_freq+0x14/0xd0)
<4>[    2.466085] [<c05c0f5c>] (mmc_rescan_try_freq+0x14/0xd0) from [<c05c1864>] (mmc_rescan+0x204/0x298)
<4>[    2.466095] [<c05c1864>] (mmc_rescan+0x204/0x298) from [<c0050820>] (process_one_work+0x29c/0x458)
<4>[    2.466106] [<c0050820>] (process_one_work+0x29c/0x458) from [<c0050b70>] (worker_thread+0x194/0x2d4)
<4>[    2.466117] [<c0050b70>] (worker_thread+0x194/0x2d4) from [<c0056150>] (kthread+0xa0/0xac)
<4>[    2.466130] [<c0056150>] (kthread+0xa0/0xac) from [<c000da98>] (ret_from_fork+0x14/0x3c)
<4>[    2.485605] CPU: 1 PID: 6 Comm: kworker/u8:0 Tainted: P             3.10.0 #205
<4>[    2.485626] Workqueue: kmmcd mmc_rescan
<4>[    2.485647] [<c0013ec4>] (unwind_backtrace+0x0/0xe0) from [<c001176c>] (show_stack+0x10/0x14)
<4>[    2.485660] [<c001176c>] (show_stack+0x10/0x14) from [<c05d3994>] (dw_mci_setup_bus+0x1c/0x470)
<4>[    2.485673] [<c05d3994>] (dw_mci_setup_bus+0x1c/0x470) from [<c05d3f48>] (dw_mci_set_ios+0x160/0x214)
<4>[    2.485686] [<c05d3f48>] (dw_mci_set_ios+0x160/0x214) from [<c05c0c64>] (mmc_power_up.part.16+0x94/0xa0)
<4>[    2.485701] [<c05c0c64>] (mmc_power_up.part.16+0x94/0xa0) from [<c05c0f5c>] (mmc_rescan_try_freq+0x14/0xd0)
<4>[    2.485713] [<c05c0f5c>] (mmc_rescan_try_freq+0x14/0xd0) from [<c05c1864>] (mmc_rescan+0x204/0x298)
<4>[    2.485729] [<c05c1864>] (mmc_rescan+0x204/0x298) from [<c0050820>] (process_one_work+0x29c/0x458)
<4>[    2.485740] [<c0050820>] (process_one_work+0x29c/0x458) from [<c0050b70>] (worker_thread+0x194/0x2d4)
<4>[    2.485755] [<c0050b70>] (worker_thread+0x194/0x2d4) from [<c0056150>] (kthread+0xa0/0xac)
<4>[    2.485772] [<c0056150>] (kthread+0xa0/0xac) from [<c000da98>] (ret_from_fork+0x14/0x3c)
<4>[    2.485789] rk_sdmmc: BOOT dw_mci_setup_bus: argue clk_mmc workaround out 800000Hz for init[mmc2]
<4>[    2.507103] CPU: 0 PID: 6 Comm: kworker/u8:0 Tainted: P             3.10.0 #205
<4>[    2.507126] Workqueue: kmmcd mmc_rescan
<4>[    2.507149] [<c0013ec4>] (unwind_backtrace+0x0/0xe0) from [<c001176c>] (show_stack+0x10/0x14)
<4>[    2.507163] [<c001176c>] (show_stack+0x10/0x14) from [<c05d3994>] (dw_mci_setup_bus+0x1c/0x470)
<4>[    2.507190] [<c05d3994>] (dw_mci_setup_bus+0x1c/0x470) from [<c05d3f48>] (dw_mci_set_ios+0x160/0x214)
<4>[    2.507217] [<c05d3f48>] (dw_mci_set_ios+0x160/0x214) from [<c05c0948>] (mmc_set_chip_select+0x18/0x1c)
<4>[    2.507233] [<c05c0948>] (mmc_set_chip_select+0x18/0x1c) from [<c05c4db0>] (mmc_go_idle+0x34/0xc4)
<4>[    2.507246] [<c05c4db0>] (mmc_go_idle+0x34/0xc4) from [<c05c0f9c>] (mmc_rescan_try_freq+0x54/0xd0)
<4>[    2.507257] [<c05c0f9c>] (mmc_rescan_try_freq+0x54/0xd0) from [<c05c1864>] (mmc_rescan+0x204/0x298)
<4>[    2.507273] [<c05c1864>] (mmc_rescan+0x204/0x298) from [<c0050820>] (process_one_work+0x29c/0x458)
<4>[    2.507287] [<c0050820>] (process_one_work+0x29c/0x458) from [<c0050b70>] (worker_thread+0x194/0x2d4)
<4>[    2.507302] [<c0050b70>] (worker_thread+0x194/0x2d4) from [<c0056150>] (kthread+0xa0/0xac)
<4>[    2.507318] [<c0056150>] (kthread+0xa0/0xac) from [<c000da98>] (ret_from_fork+0x14/0x3c)
<4>[    2.509484] CPU: 0 PID: 6 Comm: kworker/u8:0 Tainted: P             3.10.0 #205
<4>[    2.509498] Workqueue: kmmcd mmc_rescan
<4>[    2.509513] [<c0013ec4>] (unwind_backtrace+0x0/0xe0) from [<c001176c>] (show_stack+0x10/0x14)
<4>[    2.509524] [<c001176c>] (show_stack+0x10/0x14) from [<c05d3994>] (dw_mci_setup_bus+0x1c/0x470)
<4>[    2.509535] [<c05d3994>] (dw_mci_setup_bus+0x1c/0x470) from [<c05d3f48>] (dw_mci_set_ios+0x160/0x214)
<4>[    2.509545] [<c05d3f48>] (dw_mci_set_ios+0x160/0x214) from [<c05c0948>] (mmc_set_chip_select+0x18/0x1c)
<4>[    2.509555] [<c05c0948>] (mmc_set_chip_select+0x18/0x1c) from [<c05c4e10>] (mmc_go_idle+0x94/0xc4)
<4>[    2.509564] [<c05c4e10>] (mmc_go_idle+0x94/0xc4) from [<c05c0f9c>] (mmc_rescan_try_freq+0x54/0xd0)
<4>[    2.509573] [<c05c0f9c>] (mmc_rescan_try_freq+0x54/0xd0) from [<c05c1864>] (mmc_rescan+0x204/0x298)
<4>[    2.509582] [<c05c1864>] (mmc_rescan+0x204/0x298) from [<c0050820>] (process_one_work+0x29c/0x458)
<4>[    2.509591] [<c0050820>] (process_one_work+0x29c/0x458) from [<c0050b70>] (worker_thread+0x194/0x2d4)
<4>[    2.509601] [<c0050b70>] (worker_thread+0x194/0x2d4) from [<c0056150>] (kthread+0xa0/0xac)
<4>[    2.509613] [<c0056150>] (kthread+0xa0/0xac) from [<c000da98>] (ret_from_fork+0x14/0x3c)
<4>[    2.511720] mmc_sdio_init_card testing: []
<4>[    2.520802] mmc2: queuing unknown CIS tuple 0x80 (2 bytes)
<4>[    2.522332] mmc2: queuing unknown CIS tuple 0x80 (3 bytes)
<4>[    2.523864] mmc2: queuing unknown CIS tuple 0x80 (3 bytes)
<4>[    2.526609] mmc2: queuing unknown CIS tuple 0x80 (7 bytes)
<4>[    2.529991] mmc2: queuing unknown CIS tuple 0x81 (9 bytes)
<4>[    2.612916] CPU: 0 PID: 6 Comm: kworker/u8:0 Tainted: P             3.10.0 #205
<4>[    2.612937] Workqueue: kmmcd mmc_rescan
<4>[    2.612961] [<c0013ec4>] (unwind_backtrace+0x0/0xe0) from [<c001176c>] (show_stack+0x10/0x14)
<4>[    2.612976] [<c001176c>] (show_stack+0x10/0x14) from [<c05d3994>] (dw_mci_setup_bus+0x1c/0x470)
<4>[    2.612989] [<c05d3994>] (dw_mci_setup_bus+0x1c/0x470) from [<c05d3f48>] (dw_mci_set_ios+0x160/0x214)
<4>[    2.612999] [<c05d3f48>] (dw_mci_set_ios+0x160/0x214) from [<c05c0c88>] (mmc_set_timing+0x18/0x1c)
<4>[    2.613012] [<c05c0c88>] (mmc_set_timing+0x18/0x1c) from [<c05c82c0>] (mmc_sdio_init_card+0x414/0x504)
<4>[    2.613022] [<c05c82c0>] (mmc_sdio_init_card+0x414/0x504) from [<c05c88f0>] (mmc_attach_sdio+0x84/0x1ec)
<4>[    2.613032] [<c05c88f0>] (mmc_attach_sdio+0x84/0x1ec) from [<c05c0fc8>] (mmc_rescan_try_freq+0x80/0xd0)
<4>[    2.613041] [<c05c0fc8>] (mmc_rescan_try_freq+0x80/0xd0) from [<c05c1864>] (mmc_rescan+0x204/0x298)
<4>[    2.613052] [<c05c1864>] (mmc_rescan+0x204/0x298) from [<c0050820>] (process_one_work+0x29c/0x458)
<4>[    2.613062] [<c0050820>] (process_one_work+0x29c/0x458) from [<c0050b70>] (worker_thread+0x194/0x2d4)
<4>[    2.613073] [<c0050b70>] (worker_thread+0x194/0x2d4) from [<c0056150>] (kthread+0xa0/0xac)
<4>[    2.613087] [<c0056150>] (kthread+0xa0/0xac) from [<c000da98>] (ret_from_fork+0x14/0x3c)
<4>[    2.613097] CPU: 0 PID: 6 Comm: kworker/u8:0 Tainted: P             3.10.0 #205
<4>[    2.613103] Workqueue: kmmcd mmc_rescan
<4>[    2.613115] [<c0013ec4>] (unwind_backtrace+0x0/0xe0) from [<c001176c>] (show_stack+0x10/0x14)
<4>[    2.613125] [<c001176c>] (show_stack+0x10/0x14) from [<c05d3994>] (dw_mci_setup_bus+0x1c/0x470)
<4>[    2.613135] [<c05d3994>] (dw_mci_setup_bus+0x1c/0x470) from [<c05d3f48>] (dw_mci_set_ios+0x160/0x214)
<4>[    2.613145] [<c05d3f48>] (dw_mci_set_ios+0x160/0x214) from [<c05c0994>] (mmc_set_clock+0x48/0x50)
<4>[    2.613155] [<c05c0994>] (mmc_set_clock+0x48/0x50) from [<c05c8300>] (mmc_sdio_init_card+0x454/0x504)
<4>[    2.613164] [<c05c8300>] (mmc_sdio_init_card+0x454/0x504) from [<c05c88f0>] (mmc_attach_sdio+0x84/0x1ec)
<4>[    2.613173] [<c05c88f0>] (mmc_attach_sdio+0x84/0x1ec) from [<c05c0fc8>] (mmc_rescan_try_freq+0x80/0xd0)
<4>[    2.613182] [<c05c0fc8>] (mmc_rescan_try_freq+0x80/0xd0) from [<c05c1864>] (mmc_rescan+0x204/0x298)
<4>[    2.613190] [<c05c1864>] (mmc_rescan+0x204/0x298) from [<c0050820>] (process_one_work+0x29c/0x458)
<4>[    2.613199] [<c0050820>] (process_one_work+0x29c/0x458) from [<c0050b70>] (worker_thread+0x194/0x2d4)
<4>[    2.613209] [<c0050b70>] (worker_thread+0x194/0x2d4) from [<c0056150>] (kthread+0xa0/0xac)
<4>[    2.613218] [<c0056150>] (kthread+0xa0/0xac) from [<c000da98>] (ret_from_fork+0x14/0x3c)
<6>[    2.613231] mmc_host mmc2: Bus speed (slot 0) = 50000000Hz (slot req 50000000Hz, actual 50000000HZ div = 0)
<4>[    2.613249] rk_sdmmc: BOOT dw_mci_setup_bus: argue clk_mmc workaround out normal clock [mmc2]
<4>[    2.613328] CPU: 0 PID: 6 Comm: kworker/u8:0 Tainted: P             3.10.0 #205
<4>[    2.613338] Workqueue: kmmcd mmc_rescan
<4>[    2.613351] [<c0013ec4>] (unwind_backtrace+0x0/0xe0) from [<c001176c>] (show_stack+0x10/0x14)
<4>[    2.613361] [<c001176c>] (show_stack+0x10/0x14) from [<c05d3994>] (dw_mci_setup_bus+0x1c/0x470)
<4>[    2.613371] [<c05d3994>] (dw_mci_setup_bus+0x1c/0x470) from [<c05d3f48>] (dw_mci_set_ios+0x160/0x214)
<4>[    2.613381] [<c05d3f48>] (dw_mci_set_ios+0x160/0x214) from [<c05c0b90>] (mmc_set_bus_width+0x18/0x1c)
<4>[    2.613392] [<c05c0b90>] (mmc_set_bus_width+0x18/0x1c) from [<c05c831c>] (mmc_sdio_init_card+0x470/0x504)
<4>[    2.613402] [<c05c831c>] (mmc_sdio_init_card+0x470/0x504) from [<c05c88f0>] (mmc_attach_sdio+0x84/0x1ec)
<4>[    2.613411] [<c05c88f0>] (mmc_attach_sdio+0x84/0x1ec) from [<c05c0fc8>] (mmc_rescan_try_freq+0x80/0xd0)
<4>[    2.613420] [<c05c0fc8>] (mmc_rescan_try_freq+0x80/0xd0) from [<c05c1864>] (mmc_rescan+0x204/0x298)
<4>[    2.613429] [<c05c1864>] (mmc_rescan+0x204/0x298) from [<c0050820>] (process_one_work+0x29c/0x458)
<4>[    2.613438] [<c0050820>] (process_one_work+0x29c/0x458) from [<c0050b70>] (worker_thread+0x194/0x2d4)
<4>[    2.613447] [<c0050b70>] (worker_thread+0x194/0x2d4) from [<c0056150>] (kthread+0xa0/0xac)
<4>[    2.613456] [<c0056150>] (kthread+0xa0/0xac) from [<c000da98>] (ret_from_fork+0x14/0x3c)
<4>[    2.613464] rk_sdmmc: BOOT Bus speed=50000000Hz,Bus width=4bits.[mmc2]
<4>[    2.613484] mmc_sdio_init_card finish \
<6>[    2.614690] mmc2: new high speed SDIO card at address 0001
<3>[    2.615482] rockchip-rt5631 rockchip-rt5631.31: ASoC: CODEC (null) not registered
<4>[    2.615511] rockchip_rt5631_audio_probe() register card failed:-517
<6>[    2.615524] platform rockchip-rt5631.31: Driver rockchip-rt5631 requests probe deferral
<3>[    2.615773] rockchip-rt3261 rockchip-rt3224.33: ASoC: CODEC (null) not registered
<4>[    2.615789] rockchip_rt3261_audio_probe() register card failed:-517
<6>[    2.615800] platform rockchip-rt3224.33: Driver rockchip-rt3261 requests probe deferral
<4>[    2.631047] bcmsdh_register: register client driver
<4>[    2.631214] bcmsdh_sdmmc: bcmsdh_sdmmc_probe Enter
<4>[    2.631303] bcmsdh_sdmmc: bcmsdh_sdmmc_probe Enter
<4>[    2.631310] bus num (host idx)=2, slot num (rca)=1
<4>[    2.631316] found adapter info 'DHD generic adapter'
<4>[    2.631579] F1 signature read @0x18000000=0x1541a9a6
<3>[    2.631677] rockchip-rt5631 rockchip-rt5631.31: ASoC: CODEC (null) not registered
<4>[    2.631707] rockchip_rt5631_audio_probe() register card failed:-517
<6>[    2.631723] platform rockchip-rt5631.31: Driver rockchip-rt5631 requests probe deferral
<3>[    2.632027] rockchip-rt3261 rockchip-rt3224.33: ASoC: CODEC (null) not registered
<4>[    2.632044] rockchip_rt3261_audio_probe() register card failed:-517
